\BOOKMARK [1][-]{section.1}{\376\377\000I\000n\000t\000r\000o\000d\000u\000c\000t\000i\000o\000n}{}% 1
\BOOKMARK [2][-]{subsection.1.1}{\376\377\000T\000h\000e\000\040\000o\000b\000j\000e\000c\000t\000\040\000i\000d\000e\000n\000t\000i\000f\000i\000e\000d\000\040\000i\000n\000\040\000t\000h\000i\000s\000\040\000p\000a\000p\000e\000r}{section.1}% 2
\BOOKMARK [2][-]{subsection.1.2}{\376\377\000T\000h\000e\000\040\000e\000m\000p\000i\000r\000i\000c\000a\000l\000\040\000r\000e\000g\000u\000l\000a\000r\000i\000t\000y\000\040\000t\000h\000e\000\040\000o\000b\000j\000e\000c\000t\000\040\000e\000x\000p\000l\000a\000i\000n\000s}{section.1}% 3
\BOOKMARK [2][-]{subsection.1.3}{\376\377\000T\000h\000e\000\040\000t\000h\000e\000s\000i\000s}{section.1}% 4
\BOOKMARK [2][-]{subsection.1.4}{\376\377\000R\000e\000l\000a\000t\000i\000o\000n\000\040\000t\000o\000\040\000e\000x\000i\000s\000t\000i\000n\000g\000\040\000w\000o\000r\000k}{section.1}% 5
\BOOKMARK [2][-]{subsection.1.5}{\376\377\000S\000c\000o\000p\000e\000\040\000a\000n\000d\000\040\000o\000r\000g\000a\000n\000i\000s\000a\000t\000i\000o\000n}{section.1}% 6
\BOOKMARK [1][-]{section.2}{\376\377\000T\000h\000e\000\040\000F\000o\000u\000n\000d\000i\000n\000g\000\040\000A\000x\000i\000o\000m\000\040\000a\000n\000d\000\040\000t\000h\000e\000\040\000p\000r\000i\000m\000i\000t\000i\000v\000e\000\040\000C\000a\000r\000d\000i\000n\000a\000l\000s}{}% 7
\BOOKMARK [2][-]{subsection.2.1}{\376\377\000T\000h\000e\000\040\000F\000o\000u\000n\000d\000i\000n\000g\000\040\000A\000x\000i\000o\000m}{section.2}% 8
\BOOKMARK [2][-]{subsection.2.2}{\376\377\000T\000h\000e\000\040\000m\000a\000s\000t\000e\000r\000\040\000e\000q\000u\000a\000t\000i\000o\000n}{section.2}% 9
\BOOKMARK [2][-]{subsection.2.3}{\376\377\000T\000h\000e\000\040\000t\000h\000r\000e\000e\000\040\000C\000a\000r\000d\000i\000n\000a\000l\000s}{section.2}% 10
\BOOKMARK [2][-]{subsection.2.4}{\376\377\000T\000h\000r\000e\000e\000\040\000d\000i\000s\000j\000o\000i\000n\000t\000\040\000i\000n\000f\000i\000n\000i\000t\000i\000e\000s}{section.2}% 11
\BOOKMARK [2][-]{subsection.2.5}{\376\377\000I\000n\000t\000r\000i\000n\000s\000i\000c\000\040\000m\000e\000d\000i\000a\000t\000i\000o\000n}{section.2}% 12
\BOOKMARK [2][-]{subsection.2.6}{\376\377\000T\000h\000e\000\040\000t\000o\000t\000a\000l\000i\000t\000y\000\040}{section.2}% 13
\BOOKMARK [2][-]{subsection.2.7}{\376\377\000T\000h\000e\000\040\000b\000i\000n\000d\000i\000n\000g\000\040\000o\000r\000d\000e\000r}{section.2}% 14
\BOOKMARK [2][-]{subsection.2.8}{\376\377\000M\000o\000d\000e\000s\000\040\000o\000f\000\040\000s\000e\000l\000f\000-\000p\000r\000e\000s\000e\000n\000t\000a\000t\000i\000o\000n}{section.2}% 15
\BOOKMARK [2][-]{subsection.2.9}{\376\377\000T\000h\000e\000\040\000f\000o\000u\000r\000\040\000m\000a\000n\000i\000f\000o\000l\000d\000\040\000s\000t\000a\000t\000e\000s}{section.2}% 16
\BOOKMARK [2][-]{subsection.2.10}{\376\377\000V\000a\000r\000i\000a\000n\000c\000e\000\040\000a\000n\000d\000\040\000t\000h\000e\000\040\000g\000r\000o\000u\000n\000d\000i\000n\000g\000\040\000f\000u\000n\000c\000t\000i\000o\000n}{section.2}% 17
\BOOKMARK [2][-]{subsection.2.11}{\376\377\000G\000e\000o\000m\000e\000t\000r\000i\000c\000\040\000c\000o\000n\000t\000e\000n\000t\000\040\000o\000f\000\040\000t\000h\000e\000\040\000p\000r\000i\000m\000i\000t\000i\000v\000e\000s\000'\000\040\000o\000p\000e\000r\000a\000t\000i\000o\000n\000a\000l\000\040\000m\000a\000n\000i\000f\000o\000l\000d\000s}{section.2}% 18
\BOOKMARK [1][-]{section.3}{\376\377\000T\000h\000e\000\040\000t\000r\000i\000p\000l\000e\000\040\000i\000d\000e\000n\000t\000i\000t\000y\000\040\000a\000n\000d\000\040\000t\000h\000e\000\040\000t\000h\000r\000e\000e\000\040\000o\000p\000e\000r\000a\000t\000i\000o\000n\000a\000l\000\040\000t\000o\000o\000l\000s}{}% 19
\BOOKMARK [2][-]{subsection.3.1}{\376\377\000T\000h\000r\000e\000e\000\040\000s\000i\000m\000u\000l\000t\000a\000n\000e\000o\000u\000s\000\040\000c\000a\000t\000e\000g\000o\000r\000i\000c\000a\000l\000\040\000r\000e\000a\000d\000i\000n\000g\000s}{section.3}% 20
\BOOKMARK [2][-]{subsection.3.2}{\376\377\000T\000h\000e\000\040\000u\000n\000i\000v\000e\000r\000s\000a\000l\000i\000t\000y\000\040\000a\000n\000c\000h\000o\000r\000\040\0003\000=\0003\000=\0003\000=\000\040\000v\000e\000r\000s\000u\000s\000\040\000t\000h\000e\000\040\000c\000o\000m\000p\000o\000s\000i\000t\000i\000o\000n\000\040\000e\000q\000u\000a\000t\000i\000o\000n\000\040\000P\000D\000T\000\040\000=\000\040\000E}{section.3}% 21
\BOOKMARK [2][-]{subsection.3.3}{\376\377\000T\000h\000e\000\040\000t\000h\000r\000e\000e\000\040\000o\000p\000e\000r\000a\000t\000i\000o\000n\000a\000l\000\040\000t\000o\000o\000l\000s}{section.3}% 22
\BOOKMARK [2][-]{subsection.3.4}{\376\377\000T\000h\000e\000\040\000I\000d\000e\000n\000t\000i\000f\000i\000c\000a\000t\000i\000o\000n\000\040\000P\000r\000i\000n\000c\000i\000p\000l\000e}{section.3}% 23
\BOOKMARK [2][-]{subsection.3.5}{\376\377\000T\000h\000e\000\040\000D\000e\000s\000c\000r\000i\000p\000t\000o\000r\000\040\000G\000a\000p\000\040\000P\000r\000i\000n\000c\000i\000p\000l\000e}{section.3}% 24
\BOOKMARK [2][-]{subsection.3.6}{\376\377\000T\000h\000e\000\040\000S\000u\000b\000s\000u\000m\000p\000t\000i\000o\000n\000\040\000L\000a\000w}{section.3}% 25
\BOOKMARK [2][-]{subsection.3.7}{\376\377\000T\000h\000e\000\040\000c\000l\000o\000s\000e\000d\000\040\000m\000e\000t\000h\000o\000d\000o\000l\000o\000g\000i\000c\000a\000l\000\040\000l\000o\000o\000p}{section.3}% 26
\BOOKMARK [2][-]{subsection.3.8}{\376\377\000I\000n\000t\000e\000g\000r\000a\000t\000i\000v\000e\000\040\000l\000e\000v\000e\000l\000s}{section.3}% 27
\BOOKMARK [1][-]{section.4}{\376\377\000T\000h\000e\000\040\000t\000h\000r\000e\000e\000\040\000t\000e\000m\000p\000o\000r\000a\000l\000\040\000a\000s\000p\000e\000c\000t\000s}{}% 28
\BOOKMARK [2][-]{subsection.4.1}{\376\377\000T\000h\000e\000\040\000t\000h\000r\000e\000e\000\040\000t\000e\000m\000p\000o\000r\000a\000l\000\040\000a\000s\000p\000e\000c\000t\000s}{section.4}% 29
\BOOKMARK [2][-]{subsection.4.2}{\376\377\000T\000h\000e\000\040\000t\000e\000m\000p\000o\000r\000a\000l\000\040\000m\000a\000s\000t\000e\000r\000\040\000e\000q\000u\000a\000t\000i\000o\000n}{section.4}% 30
\BOOKMARK [2][-]{subsection.4.3}{\376\377\000U\000n\000i\000q\000u\000e\000n\000e\000s\000s\000\040\000o\000f\000\040\000t\000h\000e\000\040\000t\000e\000m\000p\000o\000r\000a\000l\000\040\000E\000x\000c\000e\000p\000t\000i\000o\000n}{section.4}% 31
\BOOKMARK [2][-]{subsection.4.4}{\376\377\000T\000h\000e\000\040\000M\000i\000n\000k\000o\000w\000s\000k\000i\000\040\000i\000n\000t\000e\000r\000v\000a\000l}{section.4}% 32
\BOOKMARK [2][-]{subsection.4.5}{\376\377\000E\000v\000e\000n\000t\000-\000h\000o\000r\000i\000z\000o\000n\000\040\000r\000e\000c\000o\000n\000c\000i\000l\000i\000a\000t\000i\000o\000n}{section.4}% 33
\BOOKMARK [2][-]{subsection.4.6}{\376\377\000S\000c\000o\000p\000e\000\040\000o\000f\000\040\000t\000h\000i\000s\000\040\000s\000e\000c\000t\000i\000o\000n}{section.4}% 34
\BOOKMARK [1][-]{section.5}{\376\377\000T\000h\000e\000\040\000h\000o\000r\000i\000z\000o\000n\000:\000\040\000t\000h\000e\000r\000m\000o\000d\000y\000n\000a\000m\000i\000c\000s\000,\000\040\000i\000n\000f\000o\000r\000m\000a\000t\000i\000o\000n\000,\000\040\000a\000n\000d\000\040\000s\000t\000r\000u\000c\000t\000u\000r\000a\000l\000\040\000c\000e\000l\000l\000s}{}% 35
\BOOKMARK [2][-]{subsection.5.1}{\376\377\000S\000u\000r\000f\000a\000c\000e\000\040\000g\000r\000a\000v\000i\000t\000y\000\040\000a\000s\000\040\000t\000h\000e\000\040\000D\000-\000t\000i\000m\000e\000/\000T\000-\000t\000i\000m\000e\000\040\000d\000e\000s\000c\000r\000i\000p\000t\000o\000r\000-\000g\000a\000p\000\040\000g\000r\000a\000d\000i\000e\000n\000t}{section.5}% 36
\BOOKMARK [2][-]{subsection.5.2}{\376\377\000T\000h\000e\000\040\000U\000\050\0001\000\051\000\040\000p\000e\000r\000i\000o\000d\000\040\000o\000f\000\040\000T\000-\000t\000i\000m\000e}{section.5}% 37
\BOOKMARK [2][-]{subsection.5.3}{\376\377\000T\000h\000e\000\040\000B\000o\000g\000o\000l\000i\000u\000b\000o\000v\000\040\000r\000a\000t\000i\000o\000\040\000a\000s\000\040\000h\000a\000l\000f\000-\000U\000\050\0001\000\051\000-\000p\000e\000r\000i\000o\000d\000\040\000a\000n\000a\000l\000y\000t\000i\000c\000\040\000c\000o\000n\000t\000i\000n\000u\000a\000t\000i\000o\000n}{section.5}% 38
\BOOKMARK [2][-]{subsection.5.4}{\376\377\000T\000h\000e\000\040\000P\000l\000a\000n\000c\000k\000\040\000s\000p\000e\000c\000t\000r\000u\000m\000\040\000f\000r\000o\000m\000\040\000t\000h\000e\000\040\000d\000e\000s\000c\000r\000i\000p\000t\000o\000r\000-\000q\000u\000a\000n\000t\000u\000m\000/\000v\000a\000r\000i\000a\000n\000c\000e\000\040\000r\000a\000t\000i\000o}{section.5}% 39
\BOOKMARK [2][-]{subsection.5.5}{\376\377\000F\000e\000r\000m\000i\000o\000n\000\040\000s\000t\000a\000t\000i\000s\000t\000i\000c\000s\000\040\000f\000r\000o\000m\000\040\000t\000h\000e\000\040\000f\000o\000r\000b\000i\000d\000d\000e\000n\000\040\000\173\000P\000,\000T\000\175\000\040\000s\000t\000a\000t\000e}{section.5}% 40
\BOOKMARK [2][-]{subsection.5.6}{\376\377\000I\000n\000f\000o\000r\000m\000a\000t\000i\000o\000n\000\040\000p\000r\000e\000s\000e\000r\000v\000a\000t\000i\000o\000n\000\040\000t\000h\000r\000o\000u\000g\000h\000\040\000t\000h\000e\000\040\000M\000u\000l\000t\000i\000f\000o\000l\000d\000\040\000b\000i\000r\000t\000h\000\040\000t\000r\000i\000a\000d}{section.5}% 41
\BOOKMARK [2][-]{subsection.5.7}{\376\377\000T\000h\000e\000\040\000c\000r\000i\000t\000i\000c\000a\000l\000\040\000m\000a\000s\000s\000\040\000M\000c\000r\000i\000t\000\040\000\050\000t\000o\000w\000e\000r\000\040\000s\000e\000l\000f\000-\000i\000d\000e\000n\000t\000i\000t\000y\000\051}{section.5}% 42
\BOOKMARK [2][-]{subsection.5.8}{\376\377\000C\000a\000n\000o\000n\000i\000c\000a\000l\000\040\000s\000t\000r\000u\000c\000t\000u\000r\000a\000l\000l\000y\000-\000s\000t\000a\000b\000l\000e\000\040\000m\000a\000s\000s\000\040\000a\000t\000\040\000k\000r\000=\000-\0005\0003}{section.5}% 43
\BOOKMARK [2][-]{subsection.5.9}{\376\377\000S\000t\000r\000u\000c\000t\000u\000r\000a\000l\000\040\000d\000i\000c\000h\000o\000t\000o\000m\000y\000\040\000o\000f\000\040\000b\000l\000a\000c\000k\000-\000h\000o\000l\000e\000\040\000m\000a\000s\000s\000e\000s}{section.5}% 44
\BOOKMARK [2][-]{subsection.5.10}{\376\377\000S\000u\000b\000-\000P\000l\000a\000n\000c\000k\000\040\000m\000a\000s\000s\000e\000s\000:\000\040\000l\000o\000s\000s\000l\000e\000s\000s\000\040\000o\000n\000\040\000t\000h\000e\000\040\000L\000C\000M\000\040\000t\000o\000w\000e\000r}{section.5}% 45
\BOOKMARK [2][-]{subsection.5.11}{\376\377\000F\000o\000r\000c\000e\000\040\000Q\000u\000a\000d\000r\000a\000n\000t\000\040\000G\000r\000i\000d\000\040\000p\000l\000a\000c\000e\000m\000e\000n\000t\000\040\000a\000n\000d\000\040\000s\000u\000b\000l\000a\000t\000t\000i\000c\000e\000-\000t\000r\000a\000n\000s\000i\000t\000i\000o\000n\000\040\000f\000o\000r\000w\000a\000r\000d\000\040\000p\000r\000e\000d\000i\000c\000t\000i\000o\000n\000s}{section.5}% 46
\BOOKMARK [1][-]{section.6}{\376\377\000T\000h\000e\000\040\000f\000o\000r\000c\000e\000d\000\040\000v\000a\000l\000u\000e\000\040\000N\000=\0001\0002}{}% 47
\BOOKMARK [2][-]{subsection.6.1}{\376\377\000D\000e\000r\000i\000v\000a\000t\000i\000o\000n\000\040\000I\000:\000\040\000p\000r\000o\000d\000u\000c\000t\000\040\000o\000f\000\040\000t\000h\000e\000\040\000t\000w\000o\000\040\000c\000o\000u\000n\000t\000s}{section.6}% 48
\BOOKMARK [2][-]{subsection.6.2}{\376\377\000D\000e\000r\000i\000v\000a\000t\000i\000o\000n\000\040\000I\000I\000:\000\040\000l\000e\000a\000s\000t\000\040\000c\000o\000m\000m\000o\000n\000\040\000m\000u\000l\000t\000i\000p\000l\000e\000\040\000o\000f\000\040\000t\000h\000e\000\040\000s\000m\000a\000l\000l\000\040\000s\000u\000b\000l\000a\000t\000t\000i\000c\000e\000\040\000o\000r\000d\000e\000r\000s}{section.6}% 49
\BOOKMARK [2][-]{subsection.6.3}{\376\377\000D\000e\000r\000i\000v\000a\000t\000i\000o\000n\000\040\000I\000I\000I\000:\000\040\000t\000h\000e\000\040\000s\000t\000a\000b\000i\000l\000i\000t\000y\000\040\000w\000i\000n\000d\000o\000w}{section.6}% 50
\BOOKMARK [2][-]{subsection.6.4}{\376\377\000T\000h\000e\000\040\000t\000h\000r\000e\000e\000\040\000m\000a\000n\000i\000f\000o\000l\000d\000\040\000c\000o\000n\000s\000t\000a\000n\000t\000s}{section.6}% 51
\BOOKMARK [2][-]{subsection.6.5}{\376\377\000A\000\040\000d\000e\000r\000i\000v\000e\000d\000\040\000f\000i\000n\000e\000-\000s\000t\000r\000u\000c\000t\000u\000r\000e\000\040\000c\000o\000n\000s\000t\000a\000n\000t}{section.6}% 52
\BOOKMARK [1][-]{section.7}{\376\377\000T\000h\000e\000\040\000l\000a\000t\000t\000i\000c\000e\000\040\000o\000n\000\040\000t\000h\000e\000\040\000m\000u\000l\000t\000i\000p\000l\000i\000c\000a\000t\000i\000v\000e\000\040\000m\000a\000n\000i\000f\000o\000l\000d}{}% 53
\BOOKMARK [2][-]{subsection.7.1}{\376\377\000T\000h\000e\000\040\000p\000r\000o\000j\000e\000c\000t\000i\000o\000n\000\040\000f\000o\000r\000m\000u\000l\000a}{section.7}% 54
\BOOKMARK [2][-]{subsection.7.2}{\376\377\000I\000n\000t\000e\000r\000p\000r\000e\000t\000a\000t\000i\000o\000n}{section.7}% 55
\BOOKMARK [2][-]{subsection.7.3}{\376\377\000T\000h\000e\000\040\000a\000n\000n\000i\000h\000i\000l\000a\000t\000i\000o\000n\000\040\000b\000o\000u\000n\000d\000a\000r\000y}{section.7}% 56
\BOOKMARK [2][-]{subsection.7.4}{\376\377\000C\000o\000n\000v\000e\000n\000t\000i\000o\000n\000\040\000i\000n\000d\000e\000p\000e\000n\000d\000e\000n\000c\000e}{section.7}% 57
\BOOKMARK [2][-]{subsection.7.5}{\376\377\000T\000h\000r\000e\000e\000\040\000c\000a\000n\000o\000n\000i\000c\000a\000l\000\040\000p\000r\000o\000j\000e\000c\000t\000i\000o\000n\000s}{section.7}% 58
\BOOKMARK [2][-]{subsection.7.6}{\376\377\000T\000h\000e\000\040\000A\000n\000t\000i\000-\000N\000u\000m\000e\000r\000o\000l\000o\000g\000y\000\040\000P\000r\000o\000t\000o\000c\000o\000l}{section.7}% 59
\BOOKMARK [1][-]{section.8}{\376\377\000S\000u\000b\000l\000a\000t\000t\000i\000c\000e\000\040\000f\000a\000m\000i\000l\000y\000\040\000s\000t\000r\000u\000c\000t\000u\000r\000e}{}% 60
\BOOKMARK [2][-]{subsection.8.1}{\376\377\000T\000h\000e\000\040\000d\000i\000v\000i\000s\000o\000r\000\040\000c\000l\000a\000s\000s\000i\000f\000i\000c\000a\000t\000i\000o\000n}{section.8}% 61
\BOOKMARK [2][-]{subsection.8.2}{\376\377\000T\000h\000e\000\040\000t\000o\000t\000i\000e\000n\000t\000\040\000m\000u\000l\000t\000i\000p\000l\000i\000c\000i\000t\000y}{section.8}% 62
\BOOKMARK [2][-]{subsection.8.3}{\376\377\000P\000h\000y\000s\000i\000c\000a\000l\000\040\000r\000e\000a\000d\000i\000n\000g\000\040\000o\000f\000\040\000t\000h\000e\000\040\000s\000i\000x\000\040\000f\000a\000m\000i\000l\000i\000e\000s}{section.8}% 63
\BOOKMARK [2][-]{subsection.8.4}{\376\377\000C\000l\000a\000s\000s\000i\000f\000i\000c\000a\000t\000i\000o\000n\000\040\000t\000h\000e\000o\000r\000e\000m}{section.8}% 64
\BOOKMARK [2][-]{subsection.8.5}{\376\377\000M\000a\000g\000i\000c\000a\000l\000\040\000i\000m\000p\000e\000d\000a\000n\000c\000e\000:\000\040\000p\000e\000r\000-\000f\000a\000m\000i\000l\000y\000\040\000c\000o\000u\000p\000l\000i\000n\000g\000\040\000s\000t\000r\000e\000n\000g\000t\000h}{section.8}% 65
\BOOKMARK [2][-]{subsection.8.6}{\376\377\000H\000a\000r\000m\000o\000n\000i\000c\000\040\000f\000a\000m\000i\000l\000i\000e\000s\000:\000\040\000t\000h\000e\000\040\000p\000e\000r\000-\000a\000x\000i\000s\000\040\000s\000t\000r\000u\000c\000t\000u\000r\000a\000l\000-\000m\000o\000d\000e\000\040\000l\000a\000y\000e\000r}{section.8}% 66
\BOOKMARK [2][-]{subsection.8.7}{\376\377\000T\000h\000e\000\040\000S\000u\000b\000l\000a\000t\000t\000i\000c\000e\000\040\000V\000i\000s\000i\000t\000a\000t\000i\000o\000n\000\040\000T\000h\000e\000o\000r\000e\000m}{section.8}% 67
\BOOKMARK [2][-]{subsection.8.8}{\376\377\000S\000h\000a\000d\000o\000w\000\040\000f\000o\000r\000c\000e\000s\000:\000\040\000s\000u\000b\000l\000a\000t\000t\000i\000c\000e\000\040\000f\000a\000m\000i\000l\000i\000e\000s\000\040\000e\000x\000c\000l\000u\000d\000e\000d\000\040\000a\000t\000\040\000b\000a\000s\000e\000\040\000N\000=\0001\0002}{section.8}% 68
\BOOKMARK [1][-]{section.9}{\376\377\000T\000h\000e\000\040\000L\000C\000M\000\040\000t\000o\000w\000e\000r\000\040\000o\000f\000\040\000r\000e\000f\000i\000n\000e\000m\000e\000n\000t\000s}{}% 69
\BOOKMARK [2][-]{subsection.9.1}{\376\377\000W\000h\000e\000n\000\040\000N\000=\0001\0002\000\040\000i\000s\000\040\000i\000n\000s\000u\000f\000f\000i\000c\000i\000e\000n\000t}{section.9}% 70
\BOOKMARK [2][-]{subsection.9.2}{\376\377\000C\000a\000n\000o\000n\000i\000c\000a\000l\000\040\000r\000e\000f\000i\000n\000e\000m\000e\000n\000t\000s}{section.9}% 71
\BOOKMARK [2][-]{subsection.9.3}{\376\377\000U\000n\000i\000f\000i\000c\000a\000t\000i\000o\000n\000\040\000o\000f\000\040\000t\000h\000e\000\040\000t\000w\000o\000\040\000r\000e\000a\000d\000i\000n\000g\000s}{section.9}% 72
\BOOKMARK [2][-]{subsection.9.4}{\376\377\000T\000h\000e\000\040\000c\000o\000n\000t\000i\000n\000u\000o\000u\000s\000\040\000l\000i\000m\000i\000t}{section.9}% 73
\BOOKMARK [2][-]{subsection.9.5}{\376\377\000C\000o\000r\000r\000e\000s\000p\000o\000n\000d\000e\000n\000c\000e\000\040\000w\000i\000t\000h\000\040\000i\000n\000t\000e\000g\000r\000a\000t\000i\000v\000e\000\040\000l\000e\000v\000e\000l\000s}{section.9}% 74
\BOOKMARK [1][-]{section.10}{\376\377\000T\000h\000e\000\040\000c\000o\000m\000p\000l\000e\000x\000\040\000l\000a\000t\000t\000i\000c\000e}{}% 75
\BOOKMARK [2][-]{subsection.10.1}{\376\377\000I\000m\000a\000g\000i\000n\000a\000r\000y\000-\000a\000x\000i\000s\000\040\000p\000r\000o\000j\000e\000c\000t\000i\000o\000n}{section.10}% 76
\BOOKMARK [2][-]{subsection.10.2}{\376\377\000C\000o\000m\000p\000l\000e\000x\000\040\000p\000r\000o\000j\000e\000c\000t\000i\000o\000n\000\040\000a\000n\000d\000\040\000t\000h\000e\000\040\000G\000a\000u\000s\000s\000i\000a\000n\000\040\000i\000n\000t\000e\000g\000e\000r\000\040\000l\000a\000t\000t\000i\000c\000e}{section.10}% 77
\BOOKMARK [2][-]{subsection.10.3}{\376\377\000T\000h\000e\000\040\000D\040\023\000T\000\040\000g\000r\000a\000d\000i\000e\000n\000t}{section.10}% 78
\BOOKMARK [2][-]{subsection.10.4}{\376\377\000T\000h\000e\000\040\000G\000a\000u\000s\000s\000i\000a\000n\000-\000p\000r\000i\000m\000e\000\040\000c\000o\000r\000r\000e\000s\000p\000o\000n\000d\000e\000n\000c\000e}{section.10}% 79
\BOOKMARK [1][-]{section.11}{\376\377\000T\000h\000e\000\040\0002\0004\000-\000f\000a\000m\000i\000l\000y\000\040\000c\000a\000t\000a\000l\000o\000g\000\040\000a\000n\000d\000\040\000t\000h\000e\000\040\0001\0004\0004\000-\000c\000e\000l\000l\000\040\000F\000o\000r\000c\000e\000\040\000Q\000u\000a\000d\000r\000a\000n\000t\000\040\000G\000r\000i\000d}{}% 80
\BOOKMARK [2][-]{subsection.11.1}{\376\377\000T\000h\000e\000\040\0001\0002\000\040\000r\000e\000a\000l\000-\000a\000x\000i\000s\000\040\000F\000O\000R\000C\000E\000\040\000f\000a\000m\000i\000l\000i\000e\000s\000\040\000a\000n\000d\000\040\000t\000h\000e\000\040\0001\0002\000\040\000i\000m\000a\000g\000i\000n\000a\000r\000y\000-\000a\000x\000i\000s\000\040\000P\000H\000A\000S\000E\000\040\000f\000a\000m\000i\000l\000i\000e\000s}{section.11}% 81
\BOOKMARK [2][-]{subsection.11.2}{\376\377\000T\000h\000e\000\040\0004\0002\000\040\000c\000o\000m\000b\000i\000n\000e\000d\000\040\000o\000f\000f\000-\000a\000x\000i\000s\000\040\000f\000a\000m\000i\000l\000i\000e\000s}{section.11}% 82
\BOOKMARK [2][-]{subsection.11.3}{\376\377\000T\000h\000e\000\040\0001\0004\0004\000-\000c\000e\000l\000l\000\040\000F\000o\000r\000c\000e\000\040\000Q\000u\000a\000d\000r\000a\000n\000t\000\040\000G\000r\000i\000d}{section.11}% 83
\BOOKMARK [1][-]{section.12}{\376\377\000C\000a\000s\000c\000a\000d\000e\000\040\000d\000y\000n\000a\000m\000i\000c\000s\000\040\000a\000n\000d\000\040\000s\000t\000a\000b\000i\000l\000i\000t\000y}{}% 84
\BOOKMARK [2][-]{subsection.12.1}{\376\377\000C\000a\000s\000c\000a\000d\000e\000\040\000g\000e\000n\000e\000r\000a\000t\000o\000r\000s}{section.12}% 85
\BOOKMARK [2][-]{subsection.12.2}{\376\377\000C\000a\000s\000c\000a\000d\000e\000\040\000s\000t\000a\000b\000i\000l\000i\000t\000y\000\040\000a\000s\000y\000m\000m\000e\000t\000r\000y\000\040\000a\000n\000d\000\040\000t\000h\000e\000\040\000i\000n\000d\000e\000t\000e\000r\000m\000i\000n\000a\000c\000y\000\040\000o\000f\000\040\000i\000m\000a\000g\000i\000n\000a\000r\000y\000\040\000h\000a\000r\000m\000o\000n\000i\000c\000\040\000f\000a\000m\000i\000l\000i\000e\000s}{section.12}% 86
\BOOKMARK [2][-]{subsection.12.3}{\376\377\000T\000h\000e\000\040\000p\000a\000l\000i\000n\000d\000r\000o\000m\000i\000c\000\040\000c\000a\000s\000c\000a\000d\000e}{section.12}% 87
\BOOKMARK [2][-]{subsection.12.4}{\376\377\000U\000s\000e\000\040\000o\000f\000\040\000t\000h\000e\000\040\000p\000a\000l\000i\000n\000d\000r\000o\000m\000i\000c\000\040\000c\000a\000s\000c\000a\000d\000e}{section.12}% 88
\BOOKMARK [2][-]{subsection.12.5}{\376\377\000T\000h\000e\000\040\000G\000e\000n\000e\000r\000a\000l\000\040\000C\000a\000s\000c\000a\000d\000e\000\040\000R\000u\000l\000e}{section.12}% 89
\BOOKMARK [2][-]{subsection.12.6}{\376\377\000U\000n\000i\000t\000-\000g\000e\000n\000e\000r\000a\000t\000o\000r\000\040\000e\000q\000u\000i\000v\000a\000l\000e\000n\000c\000e\000\040\000a\000n\000d\000\040\000t\000h\000e\000\040\000c\000a\000n\000o\000n\000i\000c\000a\000l\000\040\000N\000=\0001\0002\000\040\000c\000a\000s\000c\000a\000d\000e}{section.12}% 90
\BOOKMARK [2][-]{subsection.12.7}{\376\377\000M\000u\000l\000t\000i\000f\000o\000l\000d\000\040\000c\000y\000c\000l\000i\000c\000\040\000c\000l\000o\000s\000u\000r\000e}{section.12}% 91
\BOOKMARK [1][-]{section.13}{\376\377\000T\000h\000e\000\040\000I\000\040\000l\000a\000t\000t\000i\000c\000e\000-\000a\000w\000a\000r\000e\000\040\000f\000r\000a\000c\000t\000a\000l}{}% 92
\BOOKMARK [2][-]{subsection.13.1}{\376\377\000T\000h\000e\000\040\000l\000a\000t\000t\000i\000c\000e\000-\000a\000d\000a\000p\000t\000i\000v\000e\000\040\000i\000t\000e\000r\000a\000t\000i\000o\000n\000\040\000m\000a\000p}{section.13}% 93
\BOOKMARK [2][-]{subsection.13.2}{\376\377\000T\000h\000e\000\040\000l\000a\000t\000t\000i\000c\000e\000-\000a\000d\000a\000p\000t\000i\000v\000e\000\040\000e\000x\000p\000o\000n\000e\000n\000t\000\040\000p\000\050\000z\000n\000,\000n\000\051}{section.13}% 94
\BOOKMARK [2][-]{subsection.13.3}{\376\377\000T\000h\000e\000\040\000s\000h\000i\000m\000m\000e\000r\000\040\000m\000o\000d\000u\000l\000a\000t\000i\000o\000n\000\040\000n}{section.13}% 95
\BOOKMARK [2][-]{subsection.13.4}{\376\377\000T\000h\000e\000\040\000a\000l\000l\000-\000f\000a\000m\000i\000l\000i\000e\000s\000\040\000p\000e\000r\000t\000u\000r\000b\000a\000t\000i\000o\000n\000\040\000\050\000z\000n\000\051}{section.13}% 96
\BOOKMARK [2][-]{subsection.13.5}{\376\377\000D\000i\000s\000t\000a\000n\000c\000e\000\040\000e\000s\000t\000i\000m\000a\000t\000i\000o\000n}{section.13}% 97
\BOOKMARK [2][-]{subsection.13.6}{\376\377\000C\000l\000a\000s\000s\000i\000f\000i\000c\000a\000t\000i\000o\000n}{section.13}% 98
\BOOKMARK [2][-]{subsection.13.7}{\376\377\000S\000t\000r\000u\000c\000t\000u\000r\000a\000l\000\040\000s\000u\000m\000m\000a\000r\000y}{section.13}% 99
\BOOKMARK [1][-]{section.14}{\376\377\000T\000h\000r\000e\000e\000\040\000m\000i\000n\000i\000m\000a\000l\000\040\000b\000a\000c\000k\000b\000o\000n\000e\000s\000\040\000a\000t\000\040\000N\000=\0001\0002}{}% 100
\BOOKMARK [2][-]{subsection.14.1}{\376\377\000P\000D\000T\000\040\000d\000e\000c\000o\000m\000p\000o\000s\000i\000t\000i\000o\000n\000\040\000o\000f\000\040\000t\000h\000e\000\040\000p\000r\000o\000j\000e\000c\000t\000i\000o\000n\000\040\000f\000o\000r\000m\000u\000l\000a}{section.14}% 101
\BOOKMARK [2][-]{subsection.14.2}{\376\377\000E\000M\000L\000:\000\040\000t\000h\000e\000\040\000c\000o\000n\000t\000i\000n\000u\000o\000u\000s\000-\000D\000\040\000m\000i\000n\000i\000m\000a\000l\000\040\000g\000e\000n\000e\000r\000a\000t\000o\000r\000\040\000\050\000O\000d\000r\000z\000y\000w\000o\001\102\000e\000k\000\040\0002\0000\0002\0006\000\051}{section.14}% 102
\BOOKMARK [2][-]{subsection.14.3}{\376\377\000W\000e\000b\000b\000\040\0001\0009\0003\0005\000:\000\040\000t\000h\000e\000\040\000d\000i\000s\000c\000r\000e\000t\000e\000-\000l\000o\000g\000i\000c\000a\000l\000\040\000m\000i\000n\000i\000m\000a\000l\000\040\000g\000e\000n\000e\000r\000a\000t\000o\000r\000\040\000a\000t\000\040\000n\000=\0001\0002}{section.14}% 103
\BOOKMARK [2][-]{subsection.14.4}{\376\377\000T\000h\000e\000\040\000p\000a\000l\000i\000n\000d\000r\000o\000m\000i\000c\000\040\000c\000a\000s\000c\000a\000d\000e\000:\000\040\000t\000h\000e\000\040\000d\000i\000s\000c\000r\000e\000t\000e\000-\000m\000u\000l\000t\000i\000p\000l\000i\000c\000a\000t\000i\000v\000e\000\040\000m\000i\000n\000i\000m\000a\000l\000\040\000g\000e\000n\000e\000r\000a\000t\000o\000r\000\040\000o\000n\000\040\000\173\000d\000:\000d\0001\0002\000\175}{section.14}% 104
\BOOKMARK [2][-]{subsection.14.5}{\376\377\000T\000h\000e\000\040\000t\000r\000i\000p\000l\000e\000\040\000m\000i\000n\000i\000m\000a\000l\000-\000b\000a\000c\000k\000b\000o\000n\000e\000\040\000t\000h\000e\000o\000r\000e\000m}{section.14}% 105
\BOOKMARK [1][-]{section.15}{\376\377\000T\000h\000e\000\040\000F\000o\000u\000r\000\040\000P\000r\000o\000j\000e\000c\000t\000i\000o\000n\000\040\000P\000a\000t\000h\000s\000\040\000a\000n\000d\000\040\000e\000s\000s\000e\000n\000t\000i\000a\000l\000-\000i\000n\000f\000i\000n\000i\000t\000y\000\040\000h\000a\000n\000d\000l\000i\000n\000g}{}% 106
\BOOKMARK [2][-]{subsection.15.1}{\376\377\000T\000h\000e\000\040\000f\000o\000u\000r\000\040\000p\000a\000t\000h\000s}{section.15}% 107
\BOOKMARK [2][-]{subsection.15.2}{\376\377\000S\000u\000b\000s\000u\000m\000p\000t\000i\000o\000n\000\040\000o\000f\000\040\000u\000s\000e\000r\000\040\000i\000n\000p\000u\000t\000s}{section.15}% 108
\BOOKMARK [1][-]{section.16}{\376\377\000M\000a\000t\000h\000e\000m\000a\000t\000i\000c\000s\000\040\000a\000s\000\040\000a\000\040\000d\000o\000m\000a\000i\000n\000\040\000o\000f\000\040\000t\000h\000e\000\040\000S\000e\000m\000p\000a\000e\000v\000u\000m}{}% 109
\BOOKMARK [2][-]{subsection.16.1}{\376\377\000T\000h\000e\000\040\000P\000,\000\040\000D\000,\000\040\000T\000\040\000o\000f\000\040\000m\000a\000t\000h\000e\000m\000a\000t\000i\000c\000s}{section.16}% 110
\BOOKMARK [2][-]{subsection.16.2}{\376\377\000A\000x\000i\000o\000m\000-\000c\000o\000u\000n\000t\000\040\000p\000r\000o\000j\000e\000c\000t\000i\000o\000n\000s\000\040\000o\000f\000\040\000s\000t\000a\000n\000d\000a\000r\000d\000\040\000f\000o\000r\000m\000a\000l\000\040\000s\000y\000s\000t\000e\000m\000s}{section.16}% 111
\BOOKMARK [2][-]{subsection.16.3}{\376\377\000C\000h\000a\000i\000t\000i\000n\000'\000s\000\040\000\040\000v\000i\000a\000\040\000P\000a\000t\000h\000\040\000D\000.\000P}{section.16}% 112
\BOOKMARK [2][-]{subsection.16.4}{\376\377\000G\000\366\000d\000e\000l\000\040\000s\000e\000n\000t\000e\000n\000c\000e\000s\000\040\000v\000i\000a\000\040\000i\000n\000t\000e\000g\000r\000a\000t\000i\000v\000e\000-\000l\000e\000v\000e\000l\000\040\000c\000l\000a\000s\000s\000i\000f\000i\000c\000a\000t\000i\000o\000n}{section.16}% 113
\BOOKMARK [2][-]{subsection.16.5}{\376\377\000L\000a\000r\000g\000e\000\040\000c\000a\000r\000d\000i\000n\000a\000l\000s\000\040\000v\000i\000a\000\040\000c\000o\000n\000s\000i\000s\000t\000e\000n\000c\000y\000-\000s\000t\000r\000e\000n\000g\000t\000h}{section.16}% 114
\BOOKMARK [2][-]{subsection.16.6}{\376\377\000T\000h\000e\000\040\000u\000n\000i\000v\000e\000r\000s\000a\000l\000i\000t\000y\000\040\000s\000t\000a\000t\000e\000m\000e\000n\000t\000\040\000f\000o\000r\000\040\000m\000a\000t\000h\000e\000m\000a\000t\000i\000c\000s}{section.16}% 115
\BOOKMARK [1][-]{section.17}{\376\377\000S\000e\000l\000f\000-\000c\000o\000n\000s\000i\000s\000t\000e\000n\000c\000y\000:\000\040\000t\000h\000e\000\040\000K\000o\000i\000d\000e\000\040\000a\000t\000t\000r\000a\000c\000t\000o\000r}{}% 116
\BOOKMARK [2][-]{subsection.17.1}{\376\377\000L\000o\000s\000s\000l\000e\000s\000s\000n\000e\000s\000s\000\040\000t\000h\000e\000o\000r\000e\000m}{section.17}% 117
\BOOKMARK [1][-]{section.18}{\376\377\000T\000h\000e\000\040\000C\000o\000m\000p\000l\000e\000t\000e\000\040\000G\000a\000z\000e\000\040\000E\000q\000u\000a\000t\000i\000o\000n}{}% 118
\BOOKMARK [2][-]{subsection.18.1}{\376\377\000T\000h\000e\000\040\000u\000n\000i\000f\000i\000c\000a\000t\000i\000o\000n\000:\000\040\000G\000a\000i\000n\000\050\000T\000\051\000=\000F\000w}{section.18}% 119
\BOOKMARK [2][-]{subsection.18.2}{\376\377\000V\000a\000r\000i\000a\000n\000c\000e\000\040\000c\000o\000l\000l\000a\000p\000s\000e\000\040\000a\000n\000d\000\040\000t\000h\000r\000e\000s\000h\000o\000l\000d\000\040\000c\000l\000a\000s\000s\000i\000f\000i\000c\000a\000t\000i\000o\000n}{section.18}% 120
\BOOKMARK [2][-]{subsection.18.3}{\376\377\000T\000h\000e\000\040\000G\000a\000z\000e\000\040\000t\000h\000r\000e\000s\000h\000o\000l\000d\000s\000\040\000a\000s\000\040\000j\000u\000s\000t\000-\000i\000n\000t\000o\000n\000a\000t\000i\000o\000n\000\040\000i\000n\000t\000e\000r\000v\000a\000l\000s}{section.18}% 121
\BOOKMARK [1][-]{section.19}{\376\377\000Q\000u\000a\000n\000t\000u\000m\000\040\000d\000e\000c\000o\000h\000e\000r\000e\000n\000c\000e}{}% 122
\BOOKMARK [2][-]{subsection.19.1}{\376\377\000D\000e\000c\000o\000h\000e\000r\000e\000n\000c\000e\000\040\000a\000s\000\040\000a\000\040\000f\000o\000u\000r\000-\000s\000t\000a\000t\000e\000\040\000t\000r\000a\000n\000s\000i\000t\000i\000o\000n}{section.19}% 123
\BOOKMARK [2][-]{subsection.19.2}{\376\377\000T\000h\000e\000\040\000d\000e\000c\000o\000h\000e\000r\000e\000n\000c\000e\000\040\000r\000a\000t\000e\000\040\000R\000\040\000=\000\040\000G\000a\000m\000m\000a\000\040\000\050\000T\000\040\000c\000o\000m\000p\000\040\000D\000e\000n\000v\000\051\0002}{section.19}% 124
\BOOKMARK [2][-]{subsection.19.3}{\376\377\000G\000e\000o\000m\000e\000t\000r\000i\000c\000\040\000m\000e\000c\000h\000a\000n\000i\000s\000m\000:\000\040\000a\000l\000p\000h\000a\000-\000r\000o\000t\000a\000t\000i\000o\000n\000\040\000i\000n\000\040\000t\000h\000e\000\040\000c\000o\000m\000p\000l\000e\000x\000\040\000l\000a\000t\000t\000i\000c\000e}{section.19}% 125
\BOOKMARK [2][-]{subsection.19.4}{\376\377\000P\000o\000i\000n\000t\000e\000r\000\040\000s\000t\000a\000t\000e\000s\000\040\000a\000s\000\040\000h\000i\000g\000h\000-\000e\000l\000e\000g\000a\000n\000c\000e\000\040\000l\000a\000t\000t\000i\000c\000e\000\040\000c\000e\000l\000l\000s}{section.19}% 126
\BOOKMARK [2][-]{subsection.19.5}{\376\377\000G\000a\000z\000e\000\040\000t\000h\000r\000e\000s\000h\000o\000l\000d\000s\000\040\000a\000s\000\040\000d\000e\000c\000o\000h\000e\000r\000e\000n\000c\000e\000\040\000s\000t\000a\000g\000e\000s}{section.19}% 127
\BOOKMARK [2][-]{subsection.19.6}{\376\377\000C\000o\000h\000e\000r\000e\000n\000c\000e\000\040\000b\000o\000u\000n\000d\000a\000r\000y\000\040\000a\000t\000\040\000|\000e\000p\000s\000i\000l\000o\000n\000|\000=\0005\0000\000\040\000c\000e\000n\000t\000s\000:\000\040\000m\000e\000a\000s\000u\000r\000e\000m\000e\000n\000t\000\040\000u\000n\000c\000e\000r\000t\000a\000i\000n\000t\000y}{section.19}% 128
\BOOKMARK [2][-]{subsection.19.7}{\376\377\000I\000n\000f\000o\000r\000m\000a\000t\000i\000o\000n\000\040\000p\000r\000e\000s\000e\000r\000v\000a\000t\000i\000o\000n\000\040\000t\000h\000r\000o\000u\000g\000h\000\040\000t\000h\000e\000\040\000d\000e\000c\000o\000h\000e\000r\000e\000n\000c\000e\000\040\000b\000o\000u\000n\000d\000a\000r\000y}{section.19}% 129
\BOOKMARK [2][-]{subsection.19.8}{\376\377\000T\000h\000e\000\040\000c\000o\000s\000m\000o\000l\000o\000g\000i\000c\000a\000l\000\040\000M\000-\000s\000t\000a\000t\000e\000\040\000b\000u\000d\000g\000e\000t}{section.19}% 130
\BOOKMARK [1][-]{section.20}{\376\377\000E\000m\000p\000i\000r\000i\000c\000a\000l\000\040\000c\000o\000n\000f\000r\000o\000n\000t\000a\000t\000i\000o\000n}{}% 131
\BOOKMARK [2][-]{subsection.20.1}{\376\377\000T\000w\000e\000l\000v\000e\000-\000t\000o\000n\000e\000\040\000e\000q\000u\000a\000l\000\040\000t\000e\000m\000p\000e\000r\000a\000m\000e\000n\000t}{section.20}% 132
\BOOKMARK [2][-]{subsection.20.2}{\376\377\000T\000h\000e\000\040\000f\000i\000n\000e\000-\000s\000t\000r\000u\000c\000t\000u\000r\000e\000\040\000c\000o\000n\000s\000t\000a\000n\000t}{section.20}% 133
\BOOKMARK [2][-]{subsection.20.3}{\376\377\000T\000h\000e\000\040\000K\000o\000i\000d\000e\000\040\000r\000a\000t\000i\000o}{section.20}% 134
\BOOKMARK [2][-]{subsection.20.4}{\376\377\000G\000e\000o\000m\000e\000t\000r\000i\000c\000\040\000r\000a\000t\000i\000o\000s}{section.20}% 135
\BOOKMARK [2][-]{subsection.20.5}{\376\377\000C\000e\000l\000e\000s\000t\000i\000a\000l\000\040\000m\000e\000c\000h\000a\000n\000i\000c\000s}{section.20}% 136
\BOOKMARK [2][-]{subsection.20.6}{\376\377\000B\000i\000o\000c\000h\000e\000m\000i\000s\000t\000r\000y}{section.20}% 137
\BOOKMARK [2][-]{subsection.20.7}{\376\377\000S\000u\000m\000m\000a\000r\000y\000\040\000o\000f\000\040\000t\000h\000e\000\040\000e\000m\000p\000i\000r\000i\000c\000a\000l\000\040\000c\000o\000n\000f\000r\000o\000n\000t\000a\000t\000i\000o\000n}{section.20}% 138
\BOOKMARK [1][-]{section.21}{\376\377\000R\000e\000l\000a\000t\000i\000o\000n\000s\000h\000i\000p\000\040\000t\000o\000\040\000F\000o\000u\000r\000i\000e\000r\000\040\000a\000n\000a\000l\000y\000s\000i\000s\000\040\000a\000n\000d\000\040\000d\000i\000f\000f\000e\000r\000e\000n\000t\000i\000a\000l\000\040\000g\000e\000o\000m\000e\000t\000r\000y}{}% 139
\BOOKMARK [2][-]{subsection.21.1}{\376\377\000F\000o\000u\000r\000i\000e\000r\000\040\000a\000n\000a\000l\000y\000s\000i\000s}{section.21}% 140
\BOOKMARK [2][-]{subsection.21.2}{\376\377\000R\000i\000e\000m\000a\000n\000n\000i\000a\000n\000\040\000c\000u\000r\000v\000a\000t\000u\000r\000e}{section.21}% 141
\BOOKMARK [2][-]{subsection.21.3}{\376\377\000G\000a\000u\000s\000s\040\023\000B\000o\000n\000n\000e\000t\000\040\000a\000n\000d\000\040\000t\000o\000p\000o\000l\000o\000g\000i\000c\000a\000l\000\040\000i\000n\000v\000a\000r\000i\000a\000n\000t\000s}{section.21}% 142
\BOOKMARK [1][-]{section.22}{\376\377\000T\000h\000e\000\040\000C\000o\000m\000p\000l\000e\000t\000e\000\040\000D\000e\000t\000e\000r\000m\000i\000n\000a\000t\000i\000o\000n\000\040\000T\000h\000e\000o\000r\000e\000m}{}% 143
\BOOKMARK [2][-]{subsection.22.1}{\376\377\000H\000i\000s\000t\000o\000r\000i\000c\000a\000l\000\040\000p\000r\000e\000c\000e\000d\000e\000n\000t\000s\000\040\000w\000i\000t\000h\000i\000n\000\040\000t\000h\000e\000\040\000f\000r\000a\000m\000e\000w\000o\000r\000k}{section.22}% 144
\BOOKMARK [2][-]{subsection.22.2}{\376\377\000T\000h\000e\000\040\000C\000o\000m\000p\000l\000e\000t\000e\000\040\000D\000e\000t\000e\000r\000m\000i\000n\000a\000t\000i\000o\000n\000\040\000T\000h\000e\000o\000r\000e\000m}{section.22}% 145
\BOOKMARK [1][-]{section.23}{\376\377\000F\000a\000l\000s\000i\000f\000i\000a\000b\000l\000e\000\040\000p\000r\000e\000d\000i\000c\000t\000i\000o\000n\000s}{}% 146
\BOOKMARK [2][-]{subsection.23.1}{\376\377\000T\000h\000e\000\040\000c\000l\000o\000s\000u\000r\000e\000-\000v\000e\000r\000s\000u\000s\000-\000l\000i\000n\000e\000a\000r\000\040\000d\000i\000s\000t\000i\000n\000c\000t\000i\000o\000n\000\040\000i\000n\000\040\000b\000i\000o\000c\000h\000e\000m\000i\000s\000t\000r\000y}{section.23}% 147
\BOOKMARK [2][-]{subsection.23.2}{\376\377\000O\000r\000b\000i\000t\000a\000l\000\040\000r\000e\000s\000o\000n\000a\000n\000c\000e\000s\000\040\000o\000n\000\040\000l\000o\000w\000-\000d\000\040\000a\000t\000t\000r\000a\000c\000t\000o\000r\000s}{section.23}% 148
\BOOKMARK [2][-]{subsection.23.3}{\376\377\000F\000i\000n\000e\000-\000s\000t\000r\000u\000c\000t\000u\000r\000e\000\040\000c\000o\000n\000s\000t\000a\000n\000t\000\040\000l\000a\000t\000t\000i\000c\000e\000\040\000i\000d\000e\000n\000t\000i\000t\000y}{section.23}% 149
\BOOKMARK [2][-]{subsection.23.4}{\376\377\000N\000e\000w\000\040\000s\000u\000b\000l\000a\000t\000t\000i\000c\000e\000\040\000i\000d\000e\000n\000t\000i\000f\000i\000c\000a\000t\000i\000o\000n}{section.23}% 150
\BOOKMARK [1][-]{section.24}{\376\377\000C\000o\000n\000c\000l\000u\000s\000i\000o\000n}{}% 151
