This is pdfTeX, Version 3.141592653-2.6-1.40.28 (TeX Live 2025) (preloaded format=pdflatex 2026.2.6)  24 APR 2026 12:05
entering extended mode
 restricted \write18 enabled.
 %&-line parsing enabled.
**ET_Sempaevum_Paper4.tex
(./ET_Sempaevum_Paper4.tex
LaTeX2e <2025-11-01>
L3 programming layer <2026-01-19>
(c:/texlive/2025/texmf-dist/tex/latex/base/article.cls
Document Class: article 2025/01/22 v1.4n Standard LaTeX document class
(c:/texlive/2025/texmf-dist/tex/latex/base/size11.clo
File: size11.clo 2025/01/22 v1.4n Standard LaTeX file (size option)
)
\c@part=\count275
\c@section=\count276
\c@subsection=\count277
\c@subsubsection=\count278
\c@paragraph=\count279
\c@subparagraph=\count280
\c@figure=\count281
\c@table=\count282
\abovecaptionskip=\skip49
\belowcaptionskip=\skip50
\bibindent=\dimen148
)
(c:/texlive/2025/texmf-dist/tex/latex/geometry/geometry.sty
Package: geometry 2020/01/02 v5.9 Page Geometry

(c:/texlive/2025/texmf-dist/tex/latex/graphics/keyval.sty
Package: keyval 2022/05/29 v1.15 key=value parser (DPC)
\KV@toks@=\toks17
)
(c:/texlive/2025/texmf-dist/tex/generic/iftex/ifvtex.sty
Package: ifvtex 2019/10/25 v1.7 ifvtex legacy package. Use iftex instead.

(c:/texlive/2025/texmf-dist/tex/generic/iftex/iftex.sty
Package: iftex 2024/12/12 v1.0g TeX engine tests
))
\Gm@cnth=\count283
\Gm@cntv=\count284
\c@Gm@tempcnt=\count285
\Gm@bindingoffset=\dimen149
\Gm@wd@mp=\dimen150
\Gm@odd@mp=\dimen151
\Gm@even@mp=\dimen152
\Gm@layoutwidth=\dimen153
\Gm@layoutheight=\dimen154
\Gm@layouthoffset=\dimen155
\Gm@layoutvoffset=\dimen156
\Gm@dimlist=\toks18
)
(c:/texlive/2025/texmf-dist/tex/latex/amsmath/amsmath.sty
Package: amsmath 2025/07/09 v2.17z AMS math features
\@mathmargin=\skip51

For additional information on amsmath, use the `?' option.
(c:/texlive/2025/texmf-dist/tex/latex/amsmath/amstext.sty
Package: amstext 2024/11/17 v2.01 AMS text

(c:/texlive/2025/texmf-dist/tex/latex/amsmath/amsgen.sty
File: amsgen.sty 1999/11/30 v2.0 generic functions
\@emptytoks=\toks19
\ex@=\dimen157
))
(c:/texlive/2025/texmf-dist/tex/latex/amsmath/amsbsy.sty
Package: amsbsy 1999/11/29 v1.2d Bold Symbols
\pmbraise@=\dimen158
)
(c:/texlive/2025/texmf-dist/tex/latex/amsmath/amsopn.sty
Package: amsopn 2022/04/08 v2.04 operator names
)
\inf@bad=\count286
LaTeX Info: Redefining \frac on input line 233.
\uproot@=\count287
\leftroot@=\count288
LaTeX Info: Redefining \overline on input line 398.
LaTeX Info: Redefining \colon on input line 409.
\classnum@=\count289
\DOTSCASE@=\count290
LaTeX Info: Redefining \ldots on input line 495.
LaTeX Info: Redefining \dots on input line 498.
LaTeX Info: Redefining \cdots on input line 619.
\Mathstrutbox@=\box53
\strutbox@=\box54
LaTeX Info: Redefining \big on input line 721.
LaTeX Info: Redefining \Big on input line 722.
LaTeX Info: Redefining \bigg on input line 723.
LaTeX Info: Redefining \Bigg on input line 724.
\big@size=\dimen159
LaTeX Font Info:    Redeclaring font encoding OML on input line 742.
LaTeX Font Info:    Redeclaring font encoding OMS on input line 743.
\macc@depth=\count291
LaTeX Info: Redefining \bmod on input line 904.
LaTeX Info: Redefining \pmod on input line 909.
LaTeX Info: Redefining \smash on input line 939.
LaTeX Info: Redefining \relbar on input line 969.
LaTeX Info: Redefining \Relbar on input line 970.
\c@MaxMatrixCols=\count292
\dotsspace@=\muskip17
\c@parentequation=\count293
\dspbrk@lvl=\count294
\tag@help=\toks20
\row@=\count295
\column@=\count296
\maxfields@=\count297
\andhelp@=\toks21
\eqnshift@=\dimen160
\alignsep@=\dimen161
\tagshift@=\dimen162
\tagwidth@=\dimen163
\totwidth@=\dimen164
\lineht@=\dimen165
\@envbody=\toks22
\multlinegap=\skip52
\multlinetaggap=\skip53
\mathdisplay@stack=\toks23
LaTeX Info: Redefining \[ on input line 2950.
LaTeX Info: Redefining \] on input line 2951.
)
(c:/texlive/2025/texmf-dist/tex/latex/amsfonts/amssymb.sty
Package: amssymb 2013/01/14 v3.01 AMS font symbols

(c:/texlive/2025/texmf-dist/tex/latex/amsfonts/amsfonts.sty
Package: amsfonts 2013/01/14 v3.01 Basic AMSFonts support
\symAMSa=\mathgroup4
\symAMSb=\mathgroup5
LaTeX Font Info:    Redeclaring math symbol \hbar on input line 98.
LaTeX Font Info:    Overwriting math alphabet `\mathfrak' in version `bold'
(Font)                  U/euf/m/n --> U/euf/b/n on input line 106.
))
(c:/texlive/2025/texmf-dist/tex/latex/amscls/amsthm.sty
Package: amsthm 2020/05/29 v2.20.6
\thm@style=\toks24
\thm@bodyfont=\toks25
\thm@headfont=\toks26
\thm@notefont=\toks27
\thm@headpunct=\toks28
\thm@preskip=\skip54
\thm@postskip=\skip55
\thm@headsep=\skip56
\dth@everypar=\toks29
)
(c:/texlive/2025/texmf-dist/tex/latex/mathtools/mathtools.sty
Package: mathtools 2024/10/04 v1.31 mathematical typesetting tools

(c:/texlive/2025/texmf-dist/tex/latex/tools/calc.sty
Package: calc 2025/03/01 v4.3b Infix arithmetic (KKT,FJ)
\calc@Acount=\count298
\calc@Bcount=\count299
\calc@Adimen=\dimen166
\calc@Bdimen=\dimen167
\calc@Askip=\skip57
\calc@Bskip=\skip58
LaTeX Info: Redefining \setlength on input line 86.
LaTeX Info: Redefining \addtolength on input line 87.
\calc@Ccount=\count300
\calc@Cskip=\skip59
)
(c:/texlive/2025/texmf-dist/tex/latex/mathtools/mhsetup.sty
Package: mhsetup 2021/03/18 v1.4 programming setup (MH)
)
\g_MT_multlinerow_int=\count301
\l_MT_multwidth_dim=\dimen168
\origjot=\skip60
\l_MT_shortvdotswithinadjustabove_dim=\dimen169
\l_MT_shortvdotswithinadjustbelow_dim=\dimen170
\l_MT_above_intertext_sep=\dimen171
\l_MT_below_intertext_sep=\dimen172
\l_MT_above_shortintertext_sep=\dimen173
\l_MT_below_shortintertext_sep=\dimen174
\xmathstrut@box=\box55
\xmathstrut@dim=\dimen175
)
(c:/texlive/2025/texmf-dist/tex/latex/booktabs/booktabs.sty
Package: booktabs 2020/01/12 v1.61803398 Publication quality tables
\heavyrulewidth=\dimen176
\lightrulewidth=\dimen177
\cmidrulewidth=\dimen178
\belowrulesep=\dimen179
\belowbottomsep=\dimen180
\aboverulesep=\dimen181
\abovetopsep=\dimen182
\cmidrulesep=\dimen183
\cmidrulekern=\dimen184
\defaultaddspace=\dimen185
\@cmidla=\count302
\@cmidlb=\count303
\@aboverulesep=\dimen186
\@belowrulesep=\dimen187
\@thisruleclass=\count304
\@lastruleclass=\count305
\@thisrulewidth=\dimen188
)
(c:/texlive/2025/texmf-dist/tex/latex/tools/array.sty
Package: array 2025/09/25 v2.6n Tabular extension package (FMi)
\col@sep=\dimen189
\ar@mcellbox=\box56
\extrarowheight=\dimen190
\NC@list=\toks30
\extratabsurround=\skip61
\backup@length=\skip62
\ar@cellbox=\box57
)
(c:/texlive/2025/texmf-dist/tex/latex/enumitem/enumitem.sty
Package: enumitem 2025/02/06 v3.11 Customized lists
\labelindent=\skip63
\enit@outerparindent=\dimen191
\enit@toks=\toks31
\enit@inbox=\box58
\enit@count@id=\count306
\enitdp@description=\count307
)
(c:/texlive/2025/texmf-dist/tex/latex/hyperref/hyperref.sty
Package: hyperref 2026-01-29 v7.01p Hypertext links for LaTeX

(c:/texlive/2025/texmf-dist/tex/latex/kvsetkeys/kvsetkeys.sty
Package: kvsetkeys 2022-10-05 v1.19 Key value parser (HO)
)
(c:/texlive/2025/texmf-dist/tex/generic/kvdefinekeys/kvdefinekeys.sty
Package: kvdefinekeys 2019-12-19 v1.6 Define keys (HO)
)
(c:/texlive/2025/texmf-dist/tex/generic/pdfescape/pdfescape.sty
Package: pdfescape 2019/12/09 v1.15 Implements pdfTeX's escape features (HO)

(c:/texlive/2025/texmf-dist/tex/generic/ltxcmds/ltxcmds.sty
Package: ltxcmds 2023-12-04 v1.26 LaTeX kernel commands for general use (HO)
)
(c:/texlive/2025/texmf-dist/tex/generic/pdftexcmds/pdftexcmds.sty
Package: pdftexcmds 2020-06-27 v0.33 Utility functions of pdfTeX for LuaTeX (HO
)

(c:/texlive/2025/texmf-dist/tex/generic/infwarerr/infwarerr.sty
Package: infwarerr 2019/12/03 v1.5 Providing info/warning/error messages (HO)
)
Package pdftexcmds Info: \pdf@primitive is available.
Package pdftexcmds Info: \pdf@ifprimitive is available.
Package pdftexcmds Info: \pdfdraftmode found.
))
(c:/texlive/2025/texmf-dist/tex/latex/hycolor/hycolor.sty
Package: hycolor 2020-01-27 v1.10 Color options for hyperref/bookmark (HO)
)
(c:/texlive/2025/texmf-dist/tex/latex/hyperref/nameref.sty
Package: nameref 2026-01-29 v2.58 Cross-referencing by name of section

(c:/texlive/2025/texmf-dist/tex/latex/refcount/refcount.sty
Package: refcount 2019/12/15 v3.6 Data extraction from label references (HO)
)
(c:/texlive/2025/texmf-dist/tex/generic/gettitlestring/gettitlestring.sty
Package: gettitlestring 2019/12/15 v1.6 Cleanup title references (HO)

(c:/texlive/2025/texmf-dist/tex/latex/kvoptions/kvoptions.sty
Package: kvoptions 2022-06-15 v3.15 Key value format for package options (HO)
))
\c@section@level=\count308
)
(c:/texlive/2025/texmf-dist/tex/latex/etoolbox/etoolbox.sty
Package: etoolbox 2025/10/02 v2.5m e-TeX tools for LaTeX (JAW)
\etb@tempcnta=\count309
)
(c:/texlive/2025/texmf-dist/tex/generic/stringenc/stringenc.sty
Package: stringenc 2019/11/29 v1.12 Convert strings between diff. encodings (HO
)
)
\@linkdim=\dimen192
\Hy@linkcounter=\count310
\Hy@pagecounter=\count311

(c:/texlive/2025/texmf-dist/tex/latex/hyperref/pd1enc.def
File: pd1enc.def 2026-01-29 v7.01p Hyperref: PDFDocEncoding definition (HO)
Now handling font encoding PD1 ...
... no UTF-8 mapping file for font encoding PD1
)
(c:/texlive/2025/texmf-dist/tex/generic/intcalc/intcalc.sty
Package: intcalc 2019/12/15 v1.3 Expandable calculations with integers (HO)
)
\Hy@SavedSpaceFactor=\count312

(c:/texlive/2025/texmf-dist/tex/latex/hyperref/puenc.def
File: puenc.def 2026-01-29 v7.01p Hyperref: PDF Unicode definition (HO)
Now handling font encoding PU ...
... no UTF-8 mapping file for font encoding PU
)
Package hyperref Info: Hyper figures OFF on input line 4201.
Package hyperref Info: Link nesting OFF on input line 4206.
Package hyperref Info: Hyper index ON on input line 4209.
Package hyperref Info: Plain pages OFF on input line 4216.
Package hyperref Info: Backreferencing OFF on input line 4221.
Package hyperref Info: Implicit mode ON; LaTeX internals redefined.
Package hyperref Info: Bookmarks ON on input line 4468.
\c@Hy@tempcnt=\count313

(c:/texlive/2025/texmf-dist/tex/latex/url/url.sty
\Urlmuskip=\muskip18
Package: url 2013/09/16  ver 3.4  Verb mode for urls, etc.
)
LaTeX Info: Redefining \url on input line 4807.
\XeTeXLinkMargin=\dimen193

(c:/texlive/2025/texmf-dist/tex/generic/bitset/bitset.sty
Package: bitset 2019/12/09 v1.3 Handle bit-vector datatype (HO)

(c:/texlive/2025/texmf-dist/tex/generic/bigintcalc/bigintcalc.sty
Package: bigintcalc 2019/12/15 v1.5 Expandable calculations on big integers (HO
)
))
\Fld@menulength=\count314
\Field@Width=\dimen194
\Fld@charsize=\dimen195
Package hyperref Info: Hyper figures OFF on input line 6084.
Package hyperref Info: Link nesting OFF on input line 6089.
Package hyperref Info: Hyper index ON on input line 6092.
Package hyperref Info: backreferencing OFF on input line 6099.
Package hyperref Info: Link coloring OFF on input line 6104.
Package hyperref Info: Link coloring with OCG OFF on input line 6109.
Package hyperref Info: PDF/A mode OFF on input line 6114.
\Hy@abspage=\count315
\c@Item=\count316
\c@Hfootnote=\count317
)
Package hyperref Info: Driver (autodetected): hpdftex.

(c:/texlive/2025/texmf-dist/tex/latex/hyperref/hpdftex.def
File: hpdftex.def 2026-01-29 v7.01p Hyperref driver for pdfTeX
\Fld@listcount=\count318
\c@bookmark@seq@number=\count319

(c:/texlive/2025/texmf-dist/tex/latex/rerunfilecheck/rerunfilecheck.sty
Package: rerunfilecheck 2025-06-21 v1.11 Rerun checks for auxiliary files (HO)

(c:/texlive/2025/texmf-dist/tex/generic/uniquecounter/uniquecounter.sty
Package: uniquecounter 2019/12/15 v1.4 Provide unlimited unique counter (HO)
)
Package uniquecounter Info: New unique counter `rerunfilecheck' on input line 2
84.
)
\Hy@SectionHShift=\skip64
)
(c:/texlive/2025/texmf-dist/tex/latex/tools/bm.sty
Package: bm 2025/10/21 v1.2g Bold Symbol Support (DPC/FMi)
\symboldoperators=\mathgroup6
\symboldletters=\mathgroup7
\symboldsymbols=\mathgroup8
Package bm Info: No bold for \OMX/cmex/m/n, using \pmb.
Package bm Info: No bold for \U/msa/m/n, using \pmb.
Package bm Info: No bold for \U/msb/m/n, using \pmb.
LaTeX Font Info:    Redeclaring math alphabet \mathbf on input line 149.
)
\c@theorem=\count320

(c:/texlive/2025/texmf-dist/tex/latex/l3backend/l3backend-pdftex.def
File: l3backend-pdftex.def 2025-10-09 L3 backend support: PDF output (pdfTeX)
\l__color_backend_stack_int=\count321
)
No file ET_Sempaevum_Paper4.aux.
\openout1 = `ET_Sempaevum_Paper4.aux'.

LaTeX Font Info:    Checking defaults for OML/cmm/m/it on input line 54.
LaTeX Font Info:    ... okay on input line 54.
LaTeX Font Info:    Checking defaults for OMS/cmsy/m/n on input line 54.
LaTeX Font Info:    ... okay on input line 54.
LaTeX Font Info:    Checking defaults for OT1/cmr/m/n on input line 54.
LaTeX Font Info:    ... okay on input line 54.
LaTeX Font Info:    Checking defaults for T1/cmr/m/n on input line 54.
LaTeX Font Info:    ... okay on input line 54.
LaTeX Font Info:    Checking defaults for TS1/cmr/m/n on input line 54.
LaTeX Font Info:    ... okay on input line 54.
LaTeX Font Info:    Checking defaults for OMX/cmex/m/n on input line 54.
LaTeX Font Info:    ... okay on input line 54.
LaTeX Font Info:    Checking defaults for U/cmr/m/n on input line 54.
LaTeX Font Info:    ... okay on input line 54.
LaTeX Font Info:    Checking defaults for PD1/pdf/m/n on input line 54.
LaTeX Font Info:    ... okay on input line 54.
LaTeX Font Info:    Checking defaults for PU/pdf/m/n on input line 54.
LaTeX Font Info:    ... okay on input line 54.
*geometry* driver: auto-detecting
*geometry* detected driver: pdftex
*geometry* verbose mode - [ preamble ] result:
* driver: pdftex
* paper: a4paper
* layout: <same size as paper>
* layoutoffset:(h,v)=(0.0pt,0.0pt)
* modes: 
* h-part:(L,W,R)=(72.26999pt, 452.9679pt, 72.26999pt)
* v-part:(T,H,B)=(72.26999pt, 700.50687pt, 72.26999pt)
* \paperwidth=597.50787pt
* \paperheight=845.04684pt
* \textwidth=452.9679pt
* \textheight=700.50687pt
* \oddsidemargin=0.0pt
* \evensidemargin=0.0pt
* \topmargin=-37.0pt
* \headheight=12.0pt
* \headsep=25.0pt
* \topskip=11.0pt
* \footskip=30.0pt
* \marginparwidth=50.0pt
* \marginparsep=10.0pt
* \columnsep=10.0pt
* \skip\footins=10.0pt plus 4.0pt minus 2.0pt
* \hoffset=0.0pt
* \voffset=0.0pt
* \mag=1000
* \@twocolumnfalse
* \@twosidefalse
* \@mparswitchfalse
* \@reversemarginfalse
* (1in=72.27pt=25.4mm, 1cm=28.453pt)

(c:/texlive/2025/texmf-dist/tex/latex/graphics/graphicx.sty
Package: graphicx 2024/12/31 v1.2e Enhanced LaTeX Graphics (DPC,SPQR)

(c:/texlive/2025/texmf-dist/tex/latex/graphics/graphics.sty
Package: graphics 2024/08/06 v1.4g Standard LaTeX Graphics (DPC,SPQR)

(c:/texlive/2025/texmf-dist/tex/latex/graphics/trig.sty
Package: trig 2023/12/02 v1.11 sin cos tan (DPC)
)
(c:/texlive/2025/texmf-dist/tex/latex/graphics-cfg/graphics.cfg
File: graphics.cfg 2016/06/04 v1.11 sample graphics configuration
)
Package graphics Info: Driver file: pdftex.def on input line 106.

(c:/texlive/2025/texmf-dist/tex/latex/graphics-def/pdftex.def
File: pdftex.def 2025/09/29 v1.2d Graphics/color driver for pdftex

(c:/texlive/2025/texmf-dist/tex/context/base/mkii/supp-pdf.mkii
[Loading MPS to PDF converter (version 2006.09.02).]
\scratchcounter=\count322
\scratchdimen=\dimen196
\scratchbox=\box59
\nofMPsegments=\count323
\nofMParguments=\count324
\everyMPshowfont=\toks32
\MPscratchCnt=\count325
\MPscratchDim=\dimen197
\MPnumerator=\count326
\makeMPintoPDFobject=\count327
\everyMPtoPDFconversion=\toks33
))) (c:/texlive/2025/texmf-dist/tex/latex/epstopdf-pkg/epstopdf-base.sty
Package: epstopdf-base 2020-01-24 v2.11 Base part for package epstopdf
Package epstopdf-base Info: Redefining graphics rule for `.eps' on input line 4
85.

(c:/texlive/2025/texmf-dist/tex/latex/latexconfig/epstopdf-sys.cfg
File: epstopdf-sys.cfg 2010/07/13 v1.3 Configuration of (r)epstopdf for TeX Liv
e
))
\Gin@req@height=\dimen198
\Gin@req@width=\dimen199
)
Package hyperref Info: Link coloring OFF on input line 54.
\@outlinefile=\write3
\openout3 = `ET_Sempaevum_Paper4.out'.

LaTeX Font Info:    Trying to load font information for U+msa on input line 56.


(c:/texlive/2025/texmf-dist/tex/latex/amsfonts/umsa.fd
File: umsa.fd 2013/01/14 v3.01 AMS symbols A
)
LaTeX Font Info:    Trying to load font information for U+msb on input line 56.


(c:/texlive/2025/texmf-dist/tex/latex/amsfonts/umsb.fd
File: umsb.fd 2013/01/14 v3.01 AMS symbols B
)
No file ET_Sempaevum_Paper4.toc.
\tf@toc=\write4
\openout4 = `ET_Sempaevum_Paper4.toc'.


LaTeX Warning: Reference `prop:divisors' on page 1 undefined on input line 73.


LaTeX Warning: Reference `thm:doubling' on page 1 undefined on input line 74.

[1

{c:/texlive/2025/texmf-var/fonts/map/pdftex/updmap/pdftex.map}{c:/texlive/2025/
texmf-dist/fonts/enc/dvips/cm-super/cm-super-ts1.enc}]

LaTeX Warning: Reference `thm:self' on page 2 undefined on input line 75.


LaTeX Warning: Reference `sec:fractal' on page 2 undefined on input line 76.


LaTeX Warning: Reference `sec:math-domain' on page 2 undefined on input line 77
.


LaTeX Warning: Reference `subsec:subsumption' on page 2 undefined on input line
 79.


LaTeX Warning: Reference `subsec:three-tools' on page 2 undefined on input line
 80.


LaTeX Warning: Reference `subsec:subsumption' on page 2 undefined on input line
 83.


LaTeX Warning: Reference `subsec:states' on page 2 undefined on input line 89.


LaTeX Warning: Reference `subsec:geometries' on page 2 undefined on input line 
89.


LaTeX Warning: Reference `prop:states-geometries' on page 2 undefined on input 
line 89.


LaTeX Warning: Reference `prop:riemann-sphere' on page 2 undefined on input lin
e 89.


LaTeX Warning: Reference `prop:incoherence' on page 2 undefined on input line 8
9.

[2]

LaTeX Warning: Citation `Koide1982' on page 3 undefined on input line 100.


LaTeX Warning: Citation `CohenHubbard1965' on page 3 undefined on input line 10
1.


LaTeX Warning: Citation `Alberts' on page 3 undefined on input line 103.


LaTeX Warning: Reference `sec:primitives' on page 3 undefined on input line 112
.


LaTeX Warning: Reference `sec:N12' on page 3 undefined on input line 114.


Overfull \hbox (10.73393pt too wide) in paragraph at lines 116--117
[]\OT1/cmr/m/n/10.95 the re-fine-ments at which the primes $5\OML/cmm/m/it/10.9
5 ; \OT1/cmr/m/n/10.95 7\OML/cmm/m/it/10.95 ; \OT1/cmr/m/n/10.95 11$ first en-t
er as na-tive fam-i-lies are forced to $60\OML/cmm/m/it/10.95 ; \OT1/cmr/m/n/10
.95 84\OML/cmm/m/it/10.95 ; \OT1/cmr/m/n/10.95 27720$
 []


LaTeX Warning: Reference `thm:conv' on page 3 undefined on input line 117.


LaTeX Warning: Reference `thm:self' on page 3 undefined on input line 118.


LaTeX Warning: Reference `prop:riemann' on page 3 undefined on input line 123.


LaTeX Warning: Reference `sec:complex' on page 3 undefined on input line 123.

[3]

LaTeX Warning: Reference `sec:primitives' on page 4 undefined on input line 129
.


LaTeX Warning: Reference `sec:triads' on page 4 undefined on input line 129.


LaTeX Warning: Reference `sec:temporal' on page 4 undefined on input line 129.


LaTeX Warning: Reference `sec:N12' on page 4 undefined on input line 129.


LaTeX Warning: Reference `sec:lattice' on page 4 undefined on input line 129.


LaTeX Warning: Reference `sec:sublattice' on page 4 undefined on input line 129
.


LaTeX Warning: Reference `sec:tower' on page 4 undefined on input line 129.


LaTeX Warning: Reference `sec:complex' on page 4 undefined on input line 129.


LaTeX Warning: Reference `sec:catalog' on page 4 undefined on input line 129.


LaTeX Warning: Reference `sec:cascade' on page 4 undefined on input line 129.


LaTeX Warning: Reference `sec:fractal' on page 4 undefined on input line 129.


LaTeX Warning: Reference `sec:backbones' on page 4 undefined on input line 129.



LaTeX Warning: Reference `sec:paths' on page 4 undefined on input line 129.


LaTeX Warning: Reference `sec:math-domain' on page 4 undefined on input line 12
9.


LaTeX Warning: Reference `sec:selfcons' on page 4 undefined on input line 129.


LaTeX Warning: Reference `sec:gaze' on page 4 undefined on input line 129.


LaTeX Warning: Reference `sec:applications' on page 4 undefined on input line 1
29.


LaTeX Warning: Reference `sec:comparison' on page 4 undefined on input line 129
.


LaTeX Warning: Reference `sec:secret26' on page 4 undefined on input line 129.


LaTeX Warning: Reference `sec:predictions' on page 4 undefined on input line 12
9.


LaTeX Warning: Reference `sec:conclusion' on page 4 undefined on input line 129
.

[4]

LaTeX Warning: Reference `prop:intrinsic' on page 5 undefined on input line 161
.


LaTeX Warning: Reference `def:cardinal' on page 5 undefined on input line 177.


LaTeX Warning: Reference `subsec:Sigma' on page 5 undefined on input line 177.

[5]

LaTeX Warning: Reference `ax:cardinalities' on page 6 undefined on input line 2
16.


LaTeX Warning: Reference `ax:disjoint' on page 6 undefined on input line 216.


LaTeX Warning: Reference `prop:intrinsic' on page 6 undefined on input line 224
.

[6]

LaTeX Warning: Reference `ax:order' on page 7 undefined on input line 228.


Package hyperref Warning: Token not allowed in a PDF string (Unicode):
(hyperref)                removing `math shift' on input line 231.


Package hyperref Warning: Token not allowed in a PDF string (Unicode):
(hyperref)                removing `\Sigma' on input line 231.


Package hyperref Warning: Token not allowed in a PDF string (Unicode):
(hyperref)                removing `math shift' on input line 231.


LaTeX Warning: Reference `ax:order' on page 7 undefined on input line 252.


LaTeX Warning: Reference `sec:lattice' on page 7 undefined on input line 252.


LaTeX Warning: Reference `sec:lattice' on page 7 undefined on input line 261.

[7] [8]

LaTeX Warning: Reference `sec:fractal' on page 9 undefined on input line 311.


LaTeX Warning: Reference `def:variance' on page 9 undefined on input line 326.


LaTeX Warning: Reference `subsec:levels' on page 9 undefined on input line 326.



LaTeX Warning: Reference `ax:founding' on page 9 undefined on input line 337.


LaTeX Warning: Reference `ax:master' on page 9 undefined on input line 337.


LaTeX Warning: Reference `def:states' on page 9 undefined on input line 339.


LaTeX Warning: Reference `ax:founding' on page 9 undefined on input line 339.


LaTeX Warning: Reference `prop:unique-E-tau' on page 9 undefined on input line 
339.


LaTeX Warning: Reference `sec:temporal' on page 9 undefined on input line 339.


LaTeX Warning: Reference `prop:zero-variance' on page 9 undefined on input line
 343.

[9]

LaTeX Warning: Reference `def:variance' on page 10 undefined on input line 346.



LaTeX Warning: Reference `eq:var-discrete' on page 10 undefined on input line 3
55.


LaTeX Warning: Reference `eq:var-discrete' on page 10 undefined on input line 3
64.


LaTeX Warning: Reference `eq:var-continuous' on page 10 undefined on input line
 364.


LaTeX Warning: Reference `eq:var-continuous' on page 10 undefined on input line
 368.


LaTeX Warning: Reference `eq:var-asymp' on page 10 undefined on input line 375.



LaTeX Warning: Reference `prop:zero-variance' on page 10 undefined on input lin
e 375.


LaTeX Warning: Reference `subsec:constants' on page 10 undefined on input line 
378.


LaTeX Warning: Reference `eq:constants' on page 10 undefined on input line 378.



LaTeX Warning: Reference `sec:N12' on page 10 undefined on input line 382.


LaTeX Warning: Reference `def:variance' on page 10 undefined on input line 385.



LaTeX Warning: Reference `rem:V-levels' on page 10 undefined on input line 387.



LaTeX Warning: Reference `eq:var-continuous' on page 10 undefined on input line
 387.

[10]

LaTeX Warning: Reference `eq:var-asymp' on page 11 undefined on input line 390.



LaTeX Warning: Reference `eq:var-norm' on page 11 undefined on input line 390.


LaTeX Warning: Reference `def:states' on page 11 undefined on input line 399.


Overfull \hbox (4.34413pt too wide) in paragraph at lines 402--403
[]\OT1/cmr/bx/n/10.95 Proposition 2.23 \OT1/cmr/m/n/10.95 (Ge-om-e-try of the p
rim-i-tives' own man-i-folds)\OT1/cmr/bx/n/10.95 . $\OML/cmm/m/it/10.95 D$\OT1/
cmr/m/it/10.95 's op-er-a-tional do-main $\OT1/cmr/m/n/10.95 (\U/msb/m/n/10.95 
R[]\OML/cmm/m/it/10.95 ; \OMS/cmsy/m/n/10.95 ^^B\OT1/cmr/m/n/10.95 )$
 []


LaTeX Warning: Reference `sec:lattice' on page 11 undefined on input line 413.


LaTeX Warning: Reference `sec:complex' on page 11 undefined on input line 413.


LaTeX Warning: Reference `prop:primitive-geometries' on page 11 undefined on in
put line 416.


LaTeX Warning: Reference `def:states' on page 11 undefined on input line 416.


LaTeX Warning: Reference `prop:primitive-geometries' on page 11 undefined on in
put line 432.

[11]

LaTeX Warning: Reference `prop:riemann-sphere' on page 12 undefined on input li
ne 434.


LaTeX Warning: Reference `prop:incoherence' on page 12 undefined on input line 
438.


LaTeX Warning: Reference `prop:states-geometries' on page 12 undefined on input
 line 442.


LaTeX Warning: Reference `sec:tower' on page 12 undefined on input line 442.


LaTeX Warning: Reference `sec:lattice' on page 12 undefined on input line 446.


LaTeX Warning: Reference `subsec:identification' on page 12 undefined on input 
line 446.


LaTeX Warning: Citation `Needham' on page 12 undefined on input line 454.


LaTeX Warning: Reference `sec:comparison' on page 12 undefined on input line 45
8.


LaTeX Warning: Reference `prop:riemann' on page 12 undefined on input line 458.



LaTeX Warning: Reference `sec:primitives' on page 12 undefined on input line 46
7.

[12]

LaTeX Warning: Reference `tab:triads' on page 13 undefined on input line 483.


Package hyperref Warning: Token not allowed in a PDF string (Unicode):
(hyperref)                removing `math shift' on input line 505.


Package hyperref Warning: Token not allowed in a PDF string (Unicode):
(hyperref)                removing `\Sigma' on input line 505.


Package hyperref Warning: Token not allowed in a PDF string (Unicode):
(hyperref)                removing `math shift' on input line 505.


Package hyperref Warning: Token not allowed in a PDF string (Unicode):
(hyperref)                removing `math shift' on input line 505.


Package hyperref Warning: Token not allowed in a PDF string (Unicode):
(hyperref)                removing `\circ' on input line 505.


Package hyperref Warning: Token not allowed in a PDF string (Unicode):
(hyperref)                removing `\circ' on input line 505.


Package hyperref Warning: Token not allowed in a PDF string (Unicode):
(hyperref)                removing `math shift' on input line 505.

[13]

LaTeX Warning: Reference `sec:lattice' on page 14 undefined on input line 529.


LaTeX Warning: Reference `sec:complex' on page 14 undefined on input line 529.


LaTeX Warning: Reference `subsec:subsumption' on page 14 undefined on input lin
e 529.


LaTeX Warning: Reference `sec:math-domain' on page 14 undefined on input line 5
33.


LaTeX Font Warning: Font shape `OT1/cmr/m/scit' undefined
(Font)              using `OT1/cmr/m/sc' instead on input line 535.


LaTeX Warning: Reference `sec:primitives' on page 14 undefined on input line 54
3.


LaTeX Warning: Reference `subsec:loop' on page 14 undefined on input line 551.


LaTeX Warning: Reference `sec:N12' on page 14 undefined on input line 551.


LaTeX Warning: Reference `sec:applications' on page 14 undefined on input line 
551.

[14]

LaTeX Warning: Reference `ax:master' on page 15 undefined on input line 563.


LaTeX Warning: Reference `def:states' on page 15 undefined on input line 563.


LaTeX Warning: Reference `ax:order' on page 15 undefined on input line 566.


LaTeX Warning: Reference `sec:N12' on page 15 undefined on input line 579.


LaTeX Warning: Reference `sec:N12' on page 15 undefined on input line 579.


LaTeX Warning: Reference `def:cardinal' on page 15 undefined on input line 595.



LaTeX Warning: Reference `prop:irreducibility' on page 15 undefined on input li
ne 595.

[15]

LaTeX Warning: Reference `subsec:alpha' on page 16 undefined on input line 612.



LaTeX Warning: Reference `eq:alpha' on page 16 undefined on input line 612.

[16]

LaTeX Warning: Reference `sec:applications' on page 17 undefined on input line 
653.


LaTeX Warning: Reference `subsec:identification' on page 17 undefined on input 
line 657.


LaTeX Warning: Reference `subsec:subsumption' on page 17 undefined on input lin
e 657.


LaTeX Warning: Reference `thm:identification' on page 17 undefined on input lin
e 663.


LaTeX Warning: Reference `thm:descriptor-gap' on page 17 undefined on input lin
e 664.


LaTeX Warning: Reference `cor:verification' on page 17 undefined on input line 
665.


LaTeX Warning: Reference `princ:subsumption' on page 17 undefined on input line
 666.


Overfull \hbox (48.2327pt too wide) in paragraph at lines 662--668
 [] 
 []


LaTeX Warning: Reference `def:Sigma' on page 17 undefined on input line 672.


LaTeX Warning: Reference `sec:primitives' on page 17 undefined on input line 67
5.


LaTeX Warning: Reference `sec:lattice' on page 17 undefined on input line 679.


LaTeX Warning: Reference `sec:applications' on page 17 undefined on input line 
679.

[17]

LaTeX Warning: Reference `def:cardinal' on page 18 undefined on input line 698.



LaTeX Warning: Reference `sec:tower' on page 18 undefined on input line 700.


LaTeX Warning: Reference `prop:int-resolution' on page 18 undefined on input li
ne 700.


LaTeX Warning: Reference `tab:int-resolution' on page 18 undefined on input lin
e 700.


LaTeX Warning: Reference `thm:doubling' on page 18 undefined on input line 700.



LaTeX Warning: Reference `subsec:identification' on page 18 undefined on input 
line 708.

[18]
Overfull \hbox (103.8961pt too wide) in paragraph at lines 716--728
 [] 
 []


LaTeX Warning: Reference `subsec:three-infinities' on page 19 undefined on inpu
t line 733.


LaTeX Warning: Reference `rem:mediation-symmetry' on page 19 undefined on input
 line 733.


LaTeX Warning: Reference `ax:master' on page 19 undefined on input line 743.


LaTeX Warning: Reference `prop:zero-variance' on page 19 undefined on input lin
e 743.


LaTeX Warning: Reference `ax:founding' on page 19 undefined on input line 756.


LaTeX Warning: Reference `prop:unique-E-tau' on page 19 undefined on input line
 759.


LaTeX Warning: Reference `prop:zero-variance' on page 19 undefined on input lin
e 759.


LaTeX Warning: Reference `subsec:variance' on page 19 undefined on input line 7
59.


Overfull \hbox (5.60725pt too wide) in paragraph at lines 763--764
\OT1/cmr/m/n/10.95 The sep-a-ra-tion be-tween $\OML/cmm/m/it/10.95 D$\OT1/cmr/m
/n/10.95 -time and $\OML/cmm/m/it/10.95 T$\OT1/cmr/m/n/10.95 -time, to-gether w
ith the ex-is-tence of a max-i-mum descriptor-
 []

[19]

LaTeX Warning: Reference `prop:minkowski' on page 20 undefined on input line 78
5.


LaTeX Warning: Reference `def:temporal-aspects' on page 20 undefined on input l
ine 798.


LaTeX Warning: Reference `def:temporal-aspects' on page 20 undefined on input l
ine 803.


LaTeX Warning: Reference `eq:schwarzschild-ratio' on page 20 undefined on input
 line 807.

[20]

LaTeX Warning: Reference `def:temporal-aspects' on page 21 undefined on input l
ine 815.


LaTeX Warning: Reference `ax:temporal-master' on page 21 undefined on input lin
e 815.


LaTeX Warning: Reference `prop:horizon' on page 21 undefined on input line 819.



LaTeX Warning: Reference `prop:horizon' on page 21 undefined on input line 819.



LaTeX Warning: Reference `subsec:minkowski' on page 21 undefined on input line 
824.


LaTeX Warning: Reference `subsec:horizon' on page 21 undefined on input line 82
4.


LaTeX Warning: Reference `sec:primitives' on page 21 undefined on input line 83
0.


LaTeX Warning: Reference `ax:cardinalities' on page 21 undefined on input line 
834.


LaTeX Warning: Reference `def:states' on page 21 undefined on input line 834.


Overfull \hbox (14.91658pt too wide) detected at line 837
\OMS/cmsy/m/n/10.95 j\OT1/cmr/m/n/10.95 ^^E\OMS/cmsy/m/n/10.95 j  \OT1/cmr/m/n/
10.95 =  3 []\OML/cmm/m/it/10.95 ;  S  \OT1/cmr/m/n/10.95 =  4 []\OML/cmm/m/it/
10.95 :
 []

[21]

LaTeX Warning: Reference `ax:cardinalities' on page 22 undefined on input line 
846.


LaTeX Warning: Reference `sec:tower' on page 22 undefined on input line 854.


LaTeX Warning: Reference `prop:N12' on page 22 undefined on input line 875.


LaTeX Warning: Reference `def:states' on page 22 undefined on input line 875.


LaTeX Warning: Reference `def:variance' on page 22 undefined on input line 881.



LaTeX Warning: Reference `rem:V-base' on page 22 undefined on input line 881.


LaTeX Warning: Reference `rem:subbase-open' on page 22 undefined on input line 
881.


LaTeX Warning: Reference `prop:N12' on page 22 undefined on input line 881.


LaTeX Warning: Reference `def:states' on page 22 undefined on input line 881.

[22]

LaTeX Warning: Reference `subsec:alpha' on page 23 undefined on input line 893.



LaTeX Warning: Reference `eq:k' on page 23 undefined on input line 924.


LaTeX Warning: Reference `eq:d' on page 23 undefined on input line 924.


LaTeX Warning: Reference `eq:eps' on page 23 undefined on input line 924.

[23]

LaTeX Warning: Reference `subsec:modes' on page 24 undefined on input line 934.



LaTeX Warning: Reference `sec:primitives' on page 24 undefined on input line 93
8.


LaTeX Warning: Reference `thm:conv' on page 24 undefined on input line 938.


LaTeX Warning: Reference `eq:k' on page 24 undefined on input line 944.


LaTeX Warning: Reference `eq:d' on page 24 undefined on input line 944.


LaTeX Warning: Reference `eq:k' on page 24 undefined on input line 963.


LaTeX Warning: Reference `eq:d' on page 24 undefined on input line 963.


LaTeX Warning: Reference `eq:eps' on page 24 undefined on input line 963.


LaTeX Warning: Reference `thm:conv' on page 24 undefined on input line 967.

[24]

LaTeX Warning: Reference `def:projection' on page 25 undefined on input line 97
3.


LaTeX Warning: Reference `prop:fifth' on page 25 undefined on input line 1005.


LaTeX Warning: Reference `thm:conv' on page 25 undefined on input line 1009.


LaTeX Warning: Reference `subsec:identification' on page 25 undefined on input 
line 1009.

[25]

LaTeX Warning: Reference `thm:conv' on page 26 undefined on input line 1029.


Overfull \hbox (19.37009pt too wide) in paragraph at lines 1029--1030
[]\OT1/cmr/m/n/10.95 The unit-transformation test is ex-actly The-o-rem [] ap-p
lied neg-a-tively: convention-independence
 []


LaTeX Warning: Reference `subsec:three-tools' on page 26 undefined on input lin
e 1032.

[26]

LaTeX Warning: Reference `eq:d' on page 27 undefined on input line 1067.


LaTeX Warning: Reference `tab:families' on page 27 undefined on input line 1082
.


LaTeX Warning: Reference `prop:totient' on page 27 undefined on input line 1098
.


LaTeX Warning: Reference `cor:totientpartition' on page 27 undefined on input l
ine 1098.


LaTeX Warning: Reference `prop:totient' on page 27 undefined on input line 1098
.


LaTeX Warning: Reference `cor:totientpartition' on page 27 undefined on input l
ine 1098.


LaTeX Warning: Reference `def:projection' on page 27 undefined on input line 11
09.


LaTeX Warning: Reference `cor:six' on page 27 undefined on input line 1109.


LaTeX Warning: Reference `eq:A0' on page 27 undefined on input line 1114.

[27]

LaTeX Warning: Reference `tab:impedance' on page 28 undefined on input line 113
5.


Package hyperref Warning: Token not allowed in a PDF string (Unicode):
(hyperref)                removing `math shift' on input line 1168.


Package hyperref Warning: Token not allowed in a PDF string (Unicode):
(hyperref)                removing `math shift' on input line 1168.

[28]

LaTeX Warning: Reference `prop:tower' on page 29 undefined on input line 1208.


LaTeX Warning: Reference `prop:classification' on page 29 undefined on input li
ne 1221.


LaTeX Warning: Reference `subsec:levels' on page 29 undefined on input line 122
6.

[29]

LaTeX Warning: Reference `sec:sublattice' on page 30 undefined on input line 12
36.


LaTeX Warning: Reference `prop:N12' on page 30 undefined on input line 1261.


LaTeX Warning: Reference `thm:descriptor-gap' on page 30 undefined on input lin
e 1267.

[30]

LaTeX Warning: Reference `eq:doubling' on page 31 undefined on input line 1283.



LaTeX Warning: Reference `eq:doubling' on page 31 undefined on input line 1287.



LaTeX Warning: Reference `thm:descriptor-gap' on page 31 undefined on input lin
e 1293.


LaTeX Warning: Reference `tab:int-resolution' on page 31 undefined on input lin
e 1304.


LaTeX Warning: Reference `sec:applications' on page 31 undefined on input line 
1304.


LaTeX Warning: Reference `thm:doubling' on page 31 undefined on input line 1304
.


Overfull \hbox (77.23827pt too wide) in paragraph at lines 1308--1330
 [][] 
 []


LaTeX Warning: Reference `thm:doubling' on page 31 undefined on input line 1330
.


LaTeX Warning: Reference `prop:int-resolution' on page 31 undefined on input li
ne 1330.


LaTeX Warning: Reference `cor:level-log' on page 31 undefined on input line 133
0.


LaTeX Warning: Reference `thm:doubling' on page 31 undefined on input line 1330
.


LaTeX Warning: Reference `prop:int-resolution' on page 31 undefined on input li
ne 1330.


LaTeX Warning: Reference `cor:level-log' on page 31 undefined on input line 133
0.


LaTeX Warning: `h' float specifier changed to `ht'.


LaTeX Warning: Reference `thm:doubling' on page 31 undefined on input line 1335
.


LaTeX Warning: Reference `prop:limit' on page 31 undefined on input line 1335.

[31]

LaTeX Warning: Reference `def:projection' on page 32 undefined on input line 13
65.


LaTeX Warning: Reference `def:phase' on page 32 undefined on input line 1365.


LaTeX Warning: Reference `tab:complex12' on page 32 undefined on input line 137
5.

[32]

LaTeX Warning: Reference `sec:sublattice' on page 33 undefined on input line 14
22.


LaTeX Warning: Reference `prop:primitive-geometries' on page 33 undefined on in
put line 1422.

[33]

Package hyperref Warning: Token not allowed in a PDF string (Unicode):
(hyperref)                removing `math shift' on input line 1424.


Package hyperref Warning: Token not allowed in a PDF string (Unicode):
(hyperref)                removing `math shift' on input line 1424.


Package hyperref Warning: Token not allowed in a PDF string (Unicode):
(hyperref)                removing `math shift' on input line 1424.


Package hyperref Warning: Token not allowed in a PDF string (Unicode):
(hyperref)                removing `math shift' on input line 1424.


LaTeX Warning: Reference `def:projection' on page 34 undefined on input line 14
29.


LaTeX Warning: Reference `tab:force-phase' on page 34 undefined on input line 1
432.


Package hyperref Warning: Token not allowed in a PDF string (Unicode):
(hyperref)                removing `math shift' on input line 1462.


Package hyperref Warning: Token not allowed in a PDF string (Unicode):
(hyperref)                removing `math shift' on input line 1462.

[34]
Overfull \hbox (182.13142pt too wide) detected at line 1488
\OMS/cmsy/m/n/10.95 f\OT1/cmr/m/n/10.95 1\OML/cmm/m/it/10.95 ; \OT1/cmr/m/n/10.
95 2\OML/cmm/m/it/10.95 ; \OT1/cmr/m/n/10.95 3\OML/cmm/m/it/10.95 ; \OT1/cmr/m/
n/10.95 4\OML/cmm/m/it/10.95 ; \OT1/cmr/m/n/10.95 5\OML/cmm/m/it/10.95 ; \OT1/c
mr/m/n/10.95 6\OML/cmm/m/it/10.95 ; \OT1/cmr/m/n/10.95 7\OML/cmm/m/it/10.95 ; \
OT1/cmr/m/n/10.95 8\OML/cmm/m/it/10.95 ; \OT1/cmr/m/n/10.95 9\OML/cmm/m/it/10.9
5 ; \OT1/cmr/m/n/10.95 10\OML/cmm/m/it/10.95 ; \OT1/cmr/m/n/10.95 11\OML/cmm/m/
it/10.95 ; \OT1/cmr/m/n/10.95 12\OML/cmm/m/it/10.95 ; \OT1/cmr/m/n/10.95 14\OML
/cmm/m/it/10.95 ; \OT1/cmr/m/n/10.95 15\OML/cmm/m/it/10.95 ; \OT1/cmr/m/n/10.95
 18\OML/cmm/m/it/10.95 ; \OT1/cmr/m/n/10.95 20\OML/cmm/m/it/10.95 ; \OT1/cmr/m/
n/10.95 21\OML/cmm/m/it/10.95 ; \OT1/cmr/m/n/10.95 22\OML/cmm/m/it/10.95 ; \OT1
/cmr/m/n/10.95 24\OML/cmm/m/it/10.95 ; \OT1/cmr/m/n/10.95 28\OML/cmm/m/it/10.95
 ; \OT1/cmr/m/n/10.95 30\OML/cmm/m/it/10.95 ; \OT1/cmr/m/n/10.95 33\OML/cmm/m/i
t/10.95 ; \OT1/cmr/m/n/10.95 35\OML/cmm/m/it/10.95 ; \OT1/cmr/m/n/10.95 36\OML/
cmm/m/it/10.95 ; \OT1/cmr/m/n/10.95 40\OML/cmm/m/it/10.95 ; \OT1/cmr/m/n/10.95 
42\OML/cmm/m/it/10.95 ; \OT1/cmr/m/n/10.95 44\OML/cmm/m/it/10.95 ; \OT1/cmr/m/n
/10.95 45\OML/cmm/m/it/10.95 ; \OT1/cmr/m/n/10.95 55\OML/cmm/m/it/10.95 ; \OT1/
cmr/m/n/10.95 56\OML/cmm/m/it/10.95 ; \OT1/cmr/m/n/10.95 60\OML/cmm/m/it/10.95 
; \OT1/cmr/m/n/10.95 63\OML/cmm/m/it/10.95 ; \OT1/cmr/m/n/10.95 66\OML/cmm/m/it
/10.95 ; \OT1/cmr/m/n/10.95 70\OML/cmm/m/it/10.95 ; \OT1/cmr/m/n/10.95 72\OML/c
mm/m/it/10.95 ; \OT1/cmr/m/n/10.95 77\OML/cmm/m/it/10.95 ; \OT1/cmr/m/n/10.95 8
4\OML/cmm/m/it/10.95 ; \OT1/cmr/m/n/10.95 88\OML/cmm/m/it/10.95 ; \OT1/cmr/m/n/
10.95 90\OML/cmm/m/it/10.95 ; \OT1/cmr/m/n/10.95 99\OML/cmm/m/it/10.95 ; \OT1/c
mr/m/n/10.95 110\OML/cmm/m/it/10.95 ; \OT1/cmr/m/n/10.95 132\OMS/cmsy/m/n/10.95
 g\OML/cmm/m/it/10.95 :
 []


Package hyperref Warning: Token not allowed in a PDF string (Unicode):
(hyperref)                removing `math shift' on input line 1497.


Package hyperref Warning: Token not allowed in a PDF string (Unicode):
(hyperref)                removing `math shift' on input line 1497.


Overfull \hbox (8.05655pt too wide) in paragraph at lines 1502--1503
[]\OT1/cmr/bx/n/10.95 Definition 10.6 \OT1/cmr/m/n/10.95 (Sim-ple vs com-plex f
am-ily)\OT1/cmr/bx/n/10.95 . \OT1/cmr/m/n/10.95 A fam-ily $\OML/cmm/m/it/10.95 
d$ \OT1/cmr/m/n/10.95 is \OT1/cmr/m/it/10.95 sim-ple \OT1/cmr/m/n/10.95 if $\OM
L/cmm/m/it/10.95 d \OMS/cmsy/m/n/10.95 j \OML/cmm/m/it/10.95 N$ \OT1/cmr/m/n/10
.95 (i.e. $\OML/cmm/m/it/10.95 d \OMS/cmsy/m/n/10.95 2 f\OT1/cmr/m/n/10.95 1\OM
L/cmm/m/it/10.95 ; \OT1/cmr/m/n/10.95 2\OML/cmm/m/it/10.95 ; \OT1/cmr/m/n/10.95
 3\OML/cmm/m/it/10.95 ; \OT1/cmr/m/n/10.95 4\OML/cmm/m/it/10.95 ; \OT1/cmr/m/n/
10.95 6\OML/cmm/m/it/10.95 ; \OT1/cmr/m/n/10.95 12\OMS/cmsy/m/n/10.95 g$
 []


LaTeX Warning: Reference `subsec:three-infinities' on page 35 undefined on inpu
t line 1524.


LaTeX Warning: Reference `sec:cascade' on page 35 undefined on input line 1529.



LaTeX Warning: Reference `thm:pdt-bisection' on page 35 undefined on input line
 1532.


LaTeX Warning: Reference `sec:cascade' on page 35 undefined on input line 1532.


[35]

LaTeX Warning: Reference `def:projection' on page 36 undefined on input line 15
40.


LaTeX Warning: Citation `Guide' on page 36 undefined on input line 1578.

[36]

LaTeX Warning: Reference `prop:stability' on page 37 undefined on input line 16
05.


Package hyperref Warning: Token not allowed in a PDF string (Unicode):
(hyperref)                removing `math shift' on input line 1608.


Package hyperref Warning: Token not allowed in a PDF string (Unicode):
(hyperref)                removing `\partial' on input line 1608.


Package hyperref Warning: Token not allowed in a PDF string (Unicode):
(hyperref)                removing `math shift' on input line 1608.


LaTeX Warning: Reference `def:dI' on page 37 undefined on input line 1611.


LaTeX Warning: Reference `sec:complex' on page 37 undefined on input line 1611.



LaTeX Warning: Reference `sec:cascade' on page 37 undefined on input line 1611.



LaTeX Warning: Reference `subsec:dI-exponent' on page 37 undefined on input lin
e 1628.


LaTeX Warning: Reference `subsec:dI-shimmer' on page 37 undefined on input line
 1629.

[37]

LaTeX Warning: Reference `subsec:dI-perturb' on page 38 undefined on input line
 1630.


Package hyperref Warning: Token not allowed in a PDF string (Unicode):
(hyperref)                removing `math shift' on input line 1636.


Package hyperref Warning: Token not allowed in a PDF string (Unicode):
(hyperref)                removing `subscript' on input line 1636.


Package hyperref Warning: Token not allowed in a PDF string (Unicode):
(hyperref)                removing `math shift' on input line 1636.


LaTeX Warning: Reference `sec:complex' on page 38 undefined on input line 1638.



LaTeX Warning: Reference `sec:sublattice' on page 38 undefined on input line 16
60.


LaTeX Warning: Reference `def:palindrome' on page 38 undefined on input line 16
60.


LaTeX Warning: Reference `eq:dI-tightness' on page 38 undefined on input line 1
667.


LaTeX Warning: Reference `eq:constants' on page 38 undefined on input line 1667
.


LaTeX Warning: Reference `sec:selfcons' on page 38 undefined on input line 1667
.


LaTeX Warning: Reference `def:palindrome' on page 38 undefined on input line 16
73.


LaTeX Warning: Reference `def:palindrome' on page 38 undefined on input line 16
76.


Package hyperref Warning: Token not allowed in a PDF string (Unicode):
(hyperref)                removing `math shift' on input line 1679.


Package hyperref Warning: Token not allowed in a PDF string (Unicode):
(hyperref)                removing `\Psi' on input line 1679.


Package hyperref Warning: Token not allowed in a PDF string (Unicode):
(hyperref)                removing `subscript' on input line 1679.


Package hyperref Warning: Token not allowed in a PDF string (Unicode):
(hyperref)                removing `math shift' on input line 1679.

[38]

LaTeX Warning: Reference `eq:constants' on page 39 undefined on input line 1702
.


LaTeX Warning: Reference `eq:alpha' on page 39 undefined on input line 1706.


Package hyperref Warning: Token not allowed in a PDF string (Unicode):
(hyperref)                removing `math shift' on input line 1713.


Package hyperref Warning: Token not allowed in a PDF string (Unicode):
(hyperref)                removing `\varepsilon' on input line 1713.


Package hyperref Warning: Token not allowed in a PDF string (Unicode):
(hyperref)                removing `subscript' on input line 1713.


Package hyperref Warning: Token not allowed in a PDF string (Unicode):
(hyperref)                removing `math shift' on input line 1713.


LaTeX Warning: Reference `def:dI-eps' on page 39 undefined on input line 1723.


LaTeX Warning: Reference `def:dI-iteration' on page 39 undefined on input line 
1737.

[39]

LaTeX Warning: Reference `eq:dI-jacobian' on page 40 undefined on input line 17
51.


LaTeX Warning: Reference `def:dI-iteration' on page 40 undefined on input line 
1767.


LaTeX Warning: Reference `tab:fractal-constants' on page 40 undefined on input 
line 1767.


LaTeX Warning: Reference `sec:tower' on page 40 undefined on input line 1775.


LaTeX Warning: Reference `sec:sublattice' on page 40 undefined on input line 17
76.


LaTeX Warning: Reference `eq:constants' on page 40 undefined on input line 1778
.


LaTeX Warning: Reference `prop:shimmer-V' on page 40 undefined on input line 17
80.


LaTeX Warning: Reference `eq:constants' on page 40 undefined on input line 1782
.


LaTeX Warning: Reference `def:palindrome' on page 40 undefined on input line 17
83.


LaTeX Warning: Reference `prop:dI-peff' on page 40 undefined on input line 1784
.


LaTeX Warning: `h' float specifier changed to `ht'.


Package hyperref Warning: Token not allowed in a PDF string (Unicode):
(hyperref)                removing `math shift' on input line 1794.


Package hyperref Warning: Token not allowed in a PDF string (Unicode):
(hyperref)                removing `math shift' on input line 1794.

[40]

LaTeX Warning: Reference `sec:lattice' on page 41 undefined on input line 1801.



Package hyperref Warning: Token not allowed in a PDF string (Unicode):
(hyperref)                removing `math shift' on input line 1813.


Package hyperref Warning: Token not allowed in a PDF string (Unicode):
(hyperref)                removing `math shift' on input line 1813.


LaTeX Warning: Citation `Odrzywolek2026' on page 41 undefined on input line 181
5.


Overfull \hbox (8.83041pt too wide) in paragraph at lines 1824--1825
[]\OT1/cmr/bx/n/10.95 Theorem 13.3 \OT1/cmr/m/n/10.95 (EML com-plete-ness, Odrz
ywo lek 2026)\OT1/cmr/bx/n/10.95 . \OT1/cmr/m/it/10.95 Ev-ery func-tion of the 
scientific-calculator
 []


Overfull \hbox (34.78345pt too wide) in paragraph at lines 1824--1825
\OT1/cmr/m/it/10.95 ba-sis --- the con-stants $\OML/cmm/m/it/10.95 ^^Y; e; i; \
OMS/cmsy/m/n/10.95 ^^@\OT1/cmr/m/n/10.95 1\OML/cmm/m/it/10.95 ; \OT1/cmr/m/n/10
.95 0\OML/cmm/m/it/10.95 ; \OT1/cmr/m/n/10.95 1\OML/cmm/m/it/10.95 ; \OT1/cmr/m
/n/10.95 2$\OT1/cmr/m/it/10.95 , the $\OT1/cmr/m/n/10.95 20$ \OT1/cmr/m/it/10.9
5 stan-dard unary el-e-men-tary func-tions $\OT1/cmr/m/n/10.95 ([]\OML/cmm/m/it
/10.95 ; []; []; []; []$\OT1/cmr/m/it/10.95 ,
 []


LaTeX Warning: Citation `Odrzywolek2026' on page 41 undefined on input line 182
7.

[41]

LaTeX Warning: Reference `thm:eml-complete' on page 42 undefined on input line 
1830.


LaTeX Warning: Reference `subsec:subsumption' on page 42 undefined on input lin
e 1833.


LaTeX Warning: Citation `Odrzywolek2026' on page 42 undefined on input line 183
3.


LaTeX Warning: Reference `thm:eml-complete' on page 42 undefined on input line 
1833.


Package hyperref Warning: Token not allowed in a PDF string (Unicode):
(hyperref)                removing `math shift' on input line 1839.


Package hyperref Warning: Token not allowed in a PDF string (Unicode):
(hyperref)                removing `math shift' on input line 1839.


LaTeX Warning: Citation `Webb1935' on page 42 undefined on input line 1841.


Overfull \hbox (13.41101pt too wide) in paragraph at lines 1849--1850
[]\OT1/cmr/bx/n/10.95 Theorem 13.7 \OT1/cmr/m/n/10.95 (Webb com-plete-ness)\OT1
/cmr/bx/n/10.95 . \OT1/cmr/m/it/10.95 It-er-a-tion of the Webb stroke on the $\
OML/cmm/m/it/10.95 n$ \OT1/cmr/m/it/10.95 con-stants $\OMS/cmsy/m/n/10.95 f\OT1
/cmr/m/n/10.95 0\OML/cmm/m/it/10.95 ; \OT1/cmr/m/n/10.95 1\OML/cmm/m/it/10.95 ;
 [] ; n \OMS/cmsy/m/n/10.95 ^^@
 []


LaTeX Warning: Citation `Webb1935' on page 42 undefined on input line 1852.


LaTeX Warning: Citation `Sheffer1913' on page 42 undefined on input line 1852.


Overfull \hbox (65.63179pt too wide) in paragraph at lines 1861--1870
 [] 
 []


Package hyperref Warning: Token not allowed in a PDF string (Unicode):
(hyperref)                removing `math shift' on input line 1874.


Package hyperref Warning: Token not allowed in a PDF string (Unicode):
(hyperref)                removing `\mid' on input line 1874.


Package hyperref Warning: Token not allowed in a PDF string (Unicode):
(hyperref)                removing `math shift' on input line 1874.


LaTeX Warning: Reference `sec:cascade' on page 42 undefined on input line 1876.



LaTeX Warning: Reference `prop:divisors' on page 42 undefined on input line 188
0.

[42]

LaTeX Warning: Reference `cor:webb-minimal' on page 43 undefined on input line 
1902.


LaTeX Warning: Reference `thm:palindromic-minimal' on page 43 undefined on inpu
t line 1903.


LaTeX Warning: Reference `thm:eml-minimal' on page 43 undefined on input line 1
904.


Overfull \hbox (194.5364pt too wide) in paragraph at lines 1898--1907
 [] 
 []


LaTeX Warning: Reference `thm:triple-backbone' on page 43 undefined on input li
ne 1912.


LaTeX Warning: Reference `thm:pdt-decomp' on page 43 undefined on input line 19
12.


LaTeX Warning: Reference `sec:lattice' on page 43 undefined on input line 1919.


[43]

LaTeX Warning: Reference `sec:lattice' on page 44 undefined on input line 1926.



Overfull \hbox (345.44615pt too wide) in paragraph at lines 1942--1952
 [] 
 []

[44]
Overfull \hbox (22.99646pt too wide) detected at line 1980
\OML/cmm/m/it/10.95 k  \OT1/cmr/m/n/10.95 =  [](12 [][] 0\OML/cmm/m/it/10.95 :\
OT1/cmr/m/n/10.95 00787499699)  \OMS/cmsy/m/n/10.95 ^^Y  ^^@\OT1/cmr/m/n/10.95 
84\OML/cmm/m/it/10.95 ;  d  \OT1/cmr/m/n/10.95 =  12\OML/cmm/m/it/10.95 = []\OT
1/cmr/m/n/10.95 (84\OML/cmm/m/it/10.95 ; \OT1/cmr/m/n/10.95 12)  =  1\OML/cmm/m
/it/10.95 ;  "  \OMS/cmsy/m/n/10.95 ^^Y  \OT1/cmr/m/n/10.95 +13\OML/cmm/m/it/10
.95 :\OT1/cmr/m/n/10.95 794 []\OML/cmm/m/it/10.95 :
 []


LaTeX Warning: Reference `sec:primitives' on page 45 undefined on input line 19
87.


Package hyperref Warning: Token not allowed in a PDF string (Unicode):
(hyperref)                removing `math shift' on input line 1989.


Package hyperref Warning: Token not allowed in a PDF string (Unicode):
(hyperref)                removing `math shift' on input line 1989.


Package hyperref Warning: Token not allowed in a PDF string (Unicode):
(hyperref)                removing `math shift' on input line 1989.


Package hyperref Warning: Token not allowed in a PDF string (Unicode):
(hyperref)                removing `math shift' on input line 1989.


Package hyperref Warning: Token not allowed in a PDF string (Unicode):
(hyperref)                removing `math shift' on input line 1989.


Package hyperref Warning: Token not allowed in a PDF string (Unicode):
(hyperref)                removing `math shift' on input line 1989.

[45]

LaTeX Warning: Reference `thm:axiom-addresses' on page 46 undefined on input li
ne 2030.


LaTeX Warning: Reference `thm:axiom-addresses' on page 46 undefined on input li
ne 2033.


Overfull \hbox (7.33209pt too wide) in paragraph at lines 2041--2042
[]\OT1/cmr/bx/n/10.95 Corollary 15.5 \OT1/cmr/m/n/10.95 (The tri-adic-bind-ing 
log-i-cal sys-tems)\OT1/cmr/bx/n/10.95 . \OT1/cmr/m/it/10.95 Three-axiom foun-d
a-tional sys-tems (Hilbert
 []


Overfull \hbox (47.94403pt too wide) in paragraph at lines 2041--2042
\OT1/cmr/m/it/10.95 propo-si-tional logic, equa-tional group the-ory) oc-cupy t
he $\OML/cmm/m/it/10.95 d \OT1/cmr/m/n/10.95 = 12$ \OT1/cmr/m/it/10.95 Koide at
-trac-tor po-si-tion $\OT1/cmr/m/n/10.95 (+19\OML/cmm/m/it/10.95 ; \OT1/cmr/m/n
/10.95 12\OML/cmm/m/it/10.95 ; \OT1/cmr/m/n/10.95 +1\OML/cmm/m/it/10.95 :\OT1/c
mr/m/n/10.95 955$\TS1/cmr/m/it/10.95 ¢$\OT1/cmr/m/n/10.95 )$\OT1/cmr/m/it/10.95
 .
 []


Package hyperref Warning: Token not allowed in a PDF string (Unicode):
(hyperref)                removing `math shift' on input line 2044.


Package hyperref Warning: Token not allowed in a PDF string (Unicode):
(hyperref)                removing `\Omega' on input line 2044.


Package hyperref Warning: Token not allowed in a PDF string (Unicode):
(hyperref)                removing `math shift' on input line 2044.

[46]
Overfull \hbox (102.56212pt too wide) detected at line 2101
\OMS/cmsy/m/n/10.95 8\OML/cmm/m/it/10.95 X [] \OT1/cmr/m/n/10.95 :  \OML/cmm/m/
it/10.95 X \OMS/cmsy/m/n/10.95 2 \OT1/cmr/m/n/10.95 ^^F  \OMS/cmsy/m/n/10.95 ) 
 9\OT1/cmr/m/n/10.95 (\OML/cmm/m/it/10.95 k; d; "\OT1/cmr/m/n/10.95 ) \OMS/cmsy
/m/n/10.95 2 \U/msb/m/n/10.95 Z \OMS/cmsy/m/n/10.95 ^^B f\OML/cmm/m/it/10.95 N[
]=d \OT1/cmr/m/n/10.95 : \OML/cmm/m/it/10.95 d \OMS/cmsy/m/n/10.95 j \OML/cmm/m
/it/10.95 N[]\OMS/cmsy/m/n/10.95 g ^^B \OT1/cmr/m/n/10.95 [\OMS/cmsy/m/n/10.95 
^^@\OT1/cmr/m/n/10.95 50\OML/cmm/m/it/10.95 ; \OT1/cmr/m/n/10.95 50] [] \OML/cm
m/m/it/10.95 N[]:
 []


LaTeX Warning: Reference `ax:anchor' on page 47 undefined on input line 2106.


LaTeX Warning: Reference `thm:four-path-subsumption' on page 47 undefined on in
put line 2106.

[47]

LaTeX Warning: Reference `prop:fifth' on page 48 undefined on input line 2128.


LaTeX Warning: Reference `prop:koide' on page 48 undefined on input line 2128.


LaTeX Warning: Reference `prop:cascader' on page 48 undefined on input line 213
2.


LaTeX Warning: Reference `sec:complex' on page 48 undefined on input line 2156.


[48]

Package hyperref Warning: Token not allowed in a PDF string (Unicode):
(hyperref)                removing `math shift' on input line 2169.


Package hyperref Warning: Token not allowed in a PDF string (Unicode):
(hyperref)                removing `subscript' on input line 2169.


Package hyperref Warning: Token not allowed in a PDF string (Unicode):
(hyperref)                removing `math shift' on input line 2169.


LaTeX Warning: Reference `def:binding-pressure' on page 49 undefined on input l
ine 2193.


LaTeX Warning: Reference `def:detection-prob' on page 49 undefined on input lin
e 2193.

[49]

LaTeX Warning: Command \textcent invalid in math mode on input line 2233.


LaTeX Warning: Command \textcent invalid in math mode on input line 2233.

Missing character: There is no ¢ in font cmr10!

Overfull \hbox (9.49332pt too wide) in paragraph at lines 2227--2237
 [] 
 []


LaTeX Warning: Reference `thm:self' on page 50 undefined on input line 2241.


LaTeX Warning: Reference `tab:intervals' on page 50 undefined on input line 226
0.


LaTeX Warning: `h' float specifier changed to `ht'.

[50]

LaTeX Warning: Reference `eq:A0' on page 51 undefined on input line 2294.


LaTeX Warning: Citation `LatComp2025' on page 51 undefined on input line 2309.


LaTeX Warning: Citation `CODATA2022' on page 51 undefined on input line 2313.


Overfull \hbox (59.04243pt too wide) in paragraph at lines 2313--2314
\OT1/cmr/m/n/10.95 The Koide for-mula eval-u-ated at mod-ern lep-ton masses $(\
OML/cmm/m/it/10.95 m[]; m[]; m[]\OT1/cmr/m/n/10.95 ) = (0\OML/cmm/m/it/10.95 :\
OT1/cmr/m/n/10.95 51099895\OML/cmm/m/it/10.95 ; \OT1/cmr/m/n/10.95 105\OML/cmm/
m/it/10.95 :\OT1/cmr/m/n/10.95 6583755\OML/cmm/m/it/10.95 ; \OT1/cmr/m/n/10.95 
1776\OML/cmm/m/it/10.95 :\OT1/cmr/m/n/10.95 86)$ [[]]
 []

[51]

LaTeX Warning: Reference `eq:constants' on page 52 undefined on input line 2317
.


LaTeX Warning: Reference `thm:self' on page 52 undefined on input line 2317.


LaTeX Warning: Reference `tab:pyth' on page 52 undefined on input line 2321.

[52]

LaTeX Warning: Reference `tab:cross' on page 53 undefined on input line 2369.

[53]

LaTeX Warning: Citation `MTW' on page 54 undefined on input line 2425.

[54]

LaTeX Warning: Reference `sec:comparison' on page 55 undefined on input line 24
55.


LaTeX Warning: Reference `sec:paths' on page 55 undefined on input line 2456.


LaTeX Warning: Reference `sec:paths' on page 55 undefined on input line 2474.


LaTeX Warning: Reference `sec:gaze' on page 55 undefined on input line 2474.


LaTeX Warning: Reference `sec:fractal' on page 55 undefined on input line 2474.



LaTeX Warning: Reference `subsec:subsumption' on page 55 undefined on input lin
e 2474.


LaTeX Warning: Reference `thm:four-path-subsumption' on page 55 undefined on in
put line 2474.


LaTeX Warning: Reference `subsec:Sigma' on page 55 undefined on input line 2483
.

[55]

Package hyperref Warning: Token not allowed in a PDF string (Unicode):
(hyperref)                removing `math shift' on input line 2500.


Package hyperref Warning: Token not allowed in a PDF string (Unicode):
(hyperref)                removing `math shift' on input line 2500.


LaTeX Warning: Citation `CasparKlug' on page 56 undefined on input line 2518.


LaTeX Warning: Citation `Hutchison2016' on page 56 undefined on input line 2518
.


LaTeX Warning: Reference `thm:identification-Sigma' on page 56 undefined on inp
ut line 2524.

[56]

LaTeX Warning: Reference `sec:N12' on page 57 undefined on input line 2526.


LaTeX Warning: Reference `thm:triple-backbone' on page 57 undefined on input li
ne 2526.


LaTeX Warning: Reference `thm:pdt-decomp' on page 57 undefined on input line 25
26.


LaTeX Warning: Reference `thm:d-no-limits' on page 57 undefined on input line 2
528.


LaTeX Warning: Reference `thm:chaitin' on page 57 undefined on input line 2528.



LaTeX Warning: Reference `cor:zf-tight' on page 57 undefined on input line 2528
.


LaTeX Warning: Reference `thm:godel' on page 57 undefined on input line 2528.


LaTeX Warning: Reference `thm:large-cardinals' on page 57 undefined on input li
ne 2528.


LaTeX Warning: Reference `thm:self' on page 57 undefined on input line 2530.


LaTeX Warning: Reference `thm:complete-gaze' on page 57 undefined on input line
 2530.


LaTeX Warning: Reference `cor:locked-is-self' on page 57 undefined on input lin
e 2530.


LaTeX Warning: Reference `thm:lossless' on page 57 undefined on input line 2530
.


LaTeX Warning: Reference `sec:applications' on page 57 undefined on input line 
2532.


LaTeX Warning: Reference `sec:predictions' on page 57 undefined on input line 2
536.

[57]
Underfull \hbox (badness 10000) in paragraph at lines 2604--2609
\OT1/cmr/m/n/10.95 [cs.SC], April 2026. Archival DOI: 10.5281/zen-odo.19183008.
 Code:
 []

[58] (./ET_Sempaevum_Paper4.aux)
 ***********
LaTeX2e <2025-11-01>
L3 programming layer <2026-01-19>
 ***********


LaTeX Warning: There were undefined references.


LaTeX Warning: Label(s) may have changed. Rerun to get cross-references right.


Package rerunfilecheck Warning: File `ET_Sempaevum_Paper4.out' has changed.
(rerunfilecheck)                Rerun to get outlines right
(rerunfilecheck)                or use package `bookmark'.

Package rerunfilecheck Info: Checksums for `ET_Sempaevum_Paper4.out':
(rerunfilecheck)             Before: <no file>
(rerunfilecheck)             After:  A59A5B97562CE5E4D3E72ABA4223244F;27393.
 ) 
Here is how much of TeX's memory you used:
 12224 strings out of 467532
 184744 string characters out of 5423648
 612177 words of memory out of 5000000
 40547 multiletter control sequences out of 15000+600000
 651172 words of font info for 124 fonts, out of 8000000 for 9000
 1141 hyphenation exceptions out of 8191
 75i,14n,79p,3470b,756s stack positions out of 10000i,1000n,20000p,200000b,200000s
<c:/texlive/2025/texmf-dist/fonts/type1/public/amsfonts/cm/cmbx10.pfb><c:/tex
live/2025/texmf-dist/fonts/type1/public/amsfonts/cm/cmbx12.pfb><c:/texlive/2025
/texmf-dist/fonts/type1/public/amsfonts/cm/cmbxti10.pfb><c:/texlive/2025/texmf-
dist/fonts/type1/public/amsfonts/cm/cmcsc10.pfb><c:/texlive/2025/texmf-dist/fon
ts/type1/public/amsfonts/cm/cmex10.pfb><c:/texlive/2025/texmf-dist/fonts/type1/
public/amsfonts/cm/cmmi10.pfb><c:/texlive/2025/texmf-dist/fonts/type1/public/am
sfonts/cm/cmmi12.pfb><c:/texlive/2025/texmf-dist/fonts/type1/public/amsfonts/cm
/cmmi6.pfb><c:/texlive/2025/texmf-dist/fonts/type1/public/amsfonts/cm/cmmi7.pfb
><c:/texlive/2025/texmf-dist/fonts/type1/public/amsfonts/cm/cmmi8.pfb><c:/texli
ve/2025/texmf-dist/fonts/type1/public/amsfonts/cm/cmr10.pfb><c:/texlive/2025/te
xmf-dist/fonts/type1/public/amsfonts/cm/cmr12.pfb><c:/texlive/2025/texmf-dist/f
onts/type1/public/amsfonts/cm/cmr17.pfb><c:/texlive/2025/texmf-dist/fonts/type1
/public/amsfonts/cm/cmr6.pfb><c:/texlive/2025/texmf-dist/fonts/type1/public/ams
fonts/cm/cmr7.pfb><c:/texlive/2025/texmf-dist/fonts/type1/public/amsfonts/cm/cm
r8.pfb><c:/texlive/2025/texmf-dist/fonts/type1/public/amsfonts/cm/cmsy10.pfb><c
:/texlive/2025/texmf-dist/fonts/type1/public/amsfonts/cm/cmsy6.pfb><c:/texlive/
2025/texmf-dist/fonts/type1/public/amsfonts/cm/cmsy7.pfb><c:/texlive/2025/texmf
-dist/fonts/type1/public/amsfonts/cm/cmsy8.pfb><c:/texlive/2025/texmf-dist/font
s/type1/public/amsfonts/cm/cmti10.pfb><c:/texlive/2025/texmf-dist/fonts/type1/p
ublic/amsfonts/cm/cmti8.pfb><c:/texlive/2025/texmf-dist/fonts/type1/public/amsf
onts/cm/cmtt10.pfb><c:/texlive/2025/texmf-dist/fonts/type1/public/amsfonts/symb
ols/msbm10.pfb><c:/texlive/2025/texmf-dist/fonts/type1/public/cm-super/sfrm1000
.pfb><c:/texlive/2025/texmf-dist/fonts/type1/public/cm-super/sfrm1095.pfb><c:/t
exlive/2025/texmf-dist/fonts/type1/public/cm-super/sfti1095.pfb>
Output written on ET_Sempaevum_Paper4.pdf (58 pages, 555680 bytes).
PDF statistics:
 861 PDF objects out of 1000 (max. 8388607)
 739 compressed objects within 8 object streams
 435 named destinations out of 1000 (max. 500000)
 1 words of extra memory for PDF output out of 10000 (max. 10000000)

